warning: function `compute_chunk_body_reference` is never used
    --> crates/kiln-model/src/forward.rs:3632:4
     |
3632 | fn compute_chunk_body_reference(
     |    ^^^^^^^^^^^^^^^^^^^^^^^^^^^^
     |
     = note: `#[warn(dead_code)]` (part of `#[warn(unused)]`) on by default

warning: function `apply_causal_mask` is never used
    --> crates/kiln-model/src/forward.rs:7292:4
     |
7292 | fn apply_causal_mask(scores: &Tensor, seq_len: usize) -> Result<Tensor> {
     |    ^^^^^^^^^^^^^^^^^

warning: function `model_forward_paged_with_graph_inputs` is never used
    --> crates/kiln-model/src/forward.rs:8432:15
     |
8432 | pub(crate) fn model_forward_paged_with_graph_inputs(
     |               ^^^^^^^^^^^^^^^^^^^^^^^^^^^^^^^^^^^^^

warning: field `fp8_scales` is never read
  --> crates/kiln-model/src/paged_kv_cache.rs:37:5
   |
25 | pub struct PagedKvCache {
   |            ------------ field in this struct
...
37 |     fp8_scales: Vec<(f32, f32)>,
   |     ^^^^^^^^^^

warning: calls to `std::mem::drop` with a reference instead of an owned value does nothing
    --> crates/kiln-model/src/generate.rs:2079:17
     |
2079 |                 drop(pc_guard);
     |                 ^^^^^--------^
     |                      |
     |                      argument has type `&PagedKvCache`
     |
     = note: `#[warn(dropping_references)]` on by default
help: use `let _ = ...` to ignore the expression or result
     |
2079 -                 drop(pc_guard);
2079 +                 let _ = pc_guard;
     |

warning: `kiln-model` (lib) generated 5 warnings
warning: function `analytic_sft_tail_grad_pre_final_norm` is never used
    --> crates/kiln-train/src/trainer.rs:1062:4
     |
1062 | fn analytic_sft_tail_grad_pre_final_norm(
     |    ^^^^^^^^^^^^^^^^^^^^^^^^^^^^^^^^^^^^^
     |
     = note: `#[warn(dead_code)]` (part of `#[warn(unused)]`) on by default

warning: `kiln-train` (lib) generated 1 warning
warning: value assigned to `timed_out` is never read
    --> crates/kiln-server/src/api/completions.rs:3162:33
     |
3162 |             let mut timed_out = false;
     |                                 ^^^^^
     |
     = help: maybe it is overwritten before being read?
     = note: `#[warn(unused_assignments)]` (part of `#[warn(unused)]`) on by default

warning: `kiln-server` (lib) generated 1 warning
   Compiling kiln-server v0.2.13 (/Users/ericflo/Development/kiln/crates/kiln-server)
    Finished `release` profile [optimized] target(s) in 3.22s
