    Blocking waiting for file lock on package cache
    Blocking waiting for file lock on package cache
    Blocking waiting for file lock on package cache
    Blocking waiting for file lock on shared package cache
   Compiling cudarc v0.19.4
   Compiling kiln-conv1d-kernel v0.2.14 (/home/ericflo/Development/kiln/crates/kiln-conv1d-kernel)
   Compiling kiln-flash-attn v0.2.14 (/home/ericflo/Development/kiln/crates/kiln-flash-attn)
   Compiling kiln-marlin-gemm v0.2.14 (/home/ericflo/Development/kiln/crates/kiln-marlin-gemm)
   Compiling kiln-gdn-kernel v0.2.14 (/home/ericflo/Development/kiln/crates/kiln-gdn-kernel)
   Compiling kiln-rmsnorm-kernel v0.2.14 (/home/ericflo/Development/kiln/crates/kiln-rmsnorm-kernel)
error: failed to run custom build command for `cudarc v0.19.4`

Caused by:
  process didn't exit successfully: `/home/ericflo/Development/kiln/target/debug/build/cudarc-2e3bdac2e8ae11ed/build-script-build` (exit status: 101)
  --- stdout
  cargo:rerun-if-changed=build.rs
  cargo:rerun-if-env-changed=CUDARC_CUDA_VERSION
  cargo:rerun-if-env-changed=CUDA_HOME
  cargo:rerun-if-env-changed=CUDA_PATH
  cargo:rerun-if-env-changed=CUDA_ROOT
  cargo:rerun-if-env-changed=CUDA_TOOLKIT_ROOT_DIR
  cargo:rerun-if-env-changed=CUDNN_LIB

  --- stderr

  thread 'main' (430974) panicked at /home/ericflo/.cargo/registry/src/index.crates.io-1949cf8c6b5b557f/cudarc-0.19.4/build.rs:125:13:
  `nvcc --version` failed.
  Err(Os { code: 2, kind: NotFound, message: "No such file or directory" })
  note: run with `RUST_BACKTRACE=1` environment variable to display a backtrace
warning: build failed, waiting for other jobs to finish...
