   Compiling tokio v1.52.2
   Compiling kiln-core v0.2.13 (/Users/ericflo/Development/kiln/crates/kiln-core)
   Compiling kiln-flce-kernel v0.2.13 (/Users/ericflo/Development/kiln/crates/kiln-flce-kernel)
   Compiling kiln-model v0.2.13 (/Users/ericflo/Development/kiln/crates/kiln-model)
   Compiling kiln-scheduler v0.2.13 (/Users/ericflo/Development/kiln/crates/kiln-scheduler)
warning: function `compute_chunk_body_reference` is never used
    --> crates/kiln-model/src/forward.rs:3540:4
     |
3540 | fn compute_chunk_body_reference(
     |    ^^^^^^^^^^^^^^^^^^^^^^^^^^^^
     |
     = note: `#[warn(dead_code)]` (part of `#[warn(unused)]`) on by default

warning: function `apply_causal_mask` is never used
    --> crates/kiln-model/src/forward.rs:7060:4
     |
7060 | fn apply_causal_mask(scores: &Tensor, seq_len: usize) -> Result<Tensor> {
     |    ^^^^^^^^^^^^^^^^^

warning: function `model_forward_paged_with_graph_inputs` is never used
    --> crates/kiln-model/src/forward.rs:8200:15
     |
8200 | pub(crate) fn model_forward_paged_with_graph_inputs(
     |               ^^^^^^^^^^^^^^^^^^^^^^^^^^^^^^^^^^^^^

warning: field `fp8_scales` is never read
  --> crates/kiln-model/src/paged_kv_cache.rs:37:5
   |
25 | pub struct PagedKvCache {
   |            ------------ field in this struct
...
37 |     fp8_scales: Vec<(f32, f32)>,
   |     ^^^^^^^^^^

   Compiling hyper v1.9.0
   Compiling tower v0.5.3
   Compiling tokio-rustls v0.26.4
   Compiling tokio-stream v0.1.18
   Compiling tower-http v0.6.8
   Compiling hyper-util v0.1.20
   Compiling kiln-train v0.2.13 (/Users/ericflo/Development/kiln/crates/kiln-train)
warning: function `analytic_sft_tail_grad_pre_final_norm` is never used
    --> crates/kiln-train/src/trainer.rs:1062:4
     |
1062 | fn analytic_sft_tail_grad_pre_final_norm(
     |    ^^^^^^^^^^^^^^^^^^^^^^^^^^^^^^^^^^^^^
     |
     = note: `#[warn(dead_code)]` (part of `#[warn(unused)]`) on by default

   Compiling hyper-rustls v0.27.9
   Compiling axum v0.8.9
   Compiling reqwest v0.12.28
   Compiling kiln-server v0.2.13 (/Users/ericflo/Development/kiln/crates/kiln-server)
warning: `kiln-train` (lib) generated 1 warning
warning: `kiln-model` (lib) generated 4 warnings
warning: value assigned to `timed_out` is never read
    --> crates/kiln-server/src/api/completions.rs:3162:33
     |
3162 |             let mut timed_out = false;
     |                                 ^^^^^
     |
     = help: maybe it is overwritten before being read?
     = note: `#[warn(unused_assignments)]` (part of `#[warn(unused)]`) on by default

warning: `kiln-server` (lib) generated 1 warning
    Finished `release` profile [optimized] target(s) in 28.70s
