warning: variable does not need to be mutable
   --> crates/kiln-model/src/paged_kv_cache.rs:797:13
    |
797 |         let mut cache = PagedKvCache::new(
    |             ----^^^^^
    |             |
    |             help: remove this `mut`
    |
    = note: `#[warn(unused_mut)]` (part of `#[warn(unused)]`) on by default

warning: variable does not need to be mutable
   --> crates/kiln-model/src/paged_kv_cache.rs:867:13
    |
867 |         let mut cache = PagedKvCache::new(1, 4, 4, 2, 3, DType::F32, &device)?;
    |             ----^^^^^
    |             |
    |             help: remove this `mut`

warning: variable does not need to be mutable
   --> crates/kiln-model/src/paged_kv_cache.rs:907:13
    |
907 |         let mut cache = PagedKvCache::new(1, 8, 4, heads, head_dim, DType::F32, &device)?;
    |             ----^^^^^
    |             |
    |             help: remove this `mut`

warning: variable does not need to be mutable
   --> crates/kiln-model/src/paged_kv_cache.rs:961:13
    |
961 |         let mut cache = PagedKvCache::new(1, 8, 4, heads, head_dim, DType::BF16, &device)?;
    |             ----^^^^^
    |             |
    |             help: remove this `mut`

warning: variable does not need to be mutable
    --> crates/kiln-model/src/paged_kv_cache.rs:1016:13
     |
1016 |         let mut cache = PagedKvCache::new_uninit(1, 4, 4, 1, 2, DType::F32, &device)?;
     |             ----^^^^^
     |             |
     |             help: remove this `mut`

warning: variable does not need to be mutable
    --> crates/kiln-model/src/paged_kv_cache.rs:1066:13
     |
1066 |         let mut cache = PagedKvCache::new(
     |             ----^^^^^
     |             |
     |             help: remove this `mut`

warning: variable does not need to be mutable
    --> crates/kiln-model/src/paged_kv_cache.rs:1125:13
     |
1125 |         let mut cache = PagedKvCache::new(
     |             ----^^^^^
     |             |
     |             help: remove this `mut`

warning: variable does not need to be mutable
    --> crates/kiln-model/src/paged_kv_cache.rs:1163:13
     |
1163 |         let mut cache = PagedKvCache::new(
     |             ----^^^^^
     |             |
     |             help: remove this `mut`

warning: variable does not need to be mutable
    --> crates/kiln-model/src/paged_kv_cache.rs:1202:13
     |
1202 |         let mut cache = PagedKvCache::new(1, 2, 4, 2, 3, DType::F32, &device)?;
     |             ----^^^^^
     |             |
     |             help: remove this `mut`

warning: variable does not need to be mutable
    --> crates/kiln-model/src/paged_kv_cache.rs:1236:13
     |
1236 |         let mut paged = PagedKvCache::new(
     |             ----^^^^^
     |             |
     |             help: remove this `mut`

warning: variable does not need to be mutable
    --> crates/kiln-model/src/paged_kv_cache.rs:1318:13
     |
1318 |         let mut cache = PagedKvCache::new(3, 2, 4, 1, 2, DType::F32, &device)?;
     |             ----^^^^^
     |             |
     |             help: remove this `mut`

warning: variable does not need to be mutable
    --> crates/kiln-model/src/paged_kv_cache.rs:1359:13
     |
1359 |         let mut cache = PagedKvCache::new_with_fp8(
     |             ----^^^^^
     |             |
     |             help: remove this `mut`

warning: unused variable: `v_out`
    --> crates/kiln-model/src/paged_kv_cache.rs:1407:21
     |
1407 |         let (k_out, v_out) = cache.read(0, &bt, 3)?;
     |                     ^^^^^ help: if this is intentional, prefix it with an underscore: `_v_out`
     |
     = note: `#[warn(unused_variables)]` (part of `#[warn(unused)]`) on by default

warning: variable does not need to be mutable
    --> crates/kiln-model/src/paged_kv_cache.rs:1429:13
     |
1429 |         let mut cache = PagedKvCache::new_with_fp8(1, 2, 4, 2, 3, DType::F32, &device, true)?;
     |             ----^^^^^
     |             |
     |             help: remove this `mut`

warning: unused variable: `in_features`
   --> crates/kiln-model/src/quantized.rs:377:13
    |
377 |         let in_features = 8;
    |             ^^^^^^^^^^^ help: if this is intentional, prefix it with an underscore: `_in_features`

warning: unused variable: `out_features`
   --> crates/kiln-model/src/quantized.rs:378:13
    |
378 |         let out_features = 1;
    |             ^^^^^^^^^^^^ help: if this is intentional, prefix it with an underscore: `_out_features`

warning: function `compute_chunk_body_reference` is never used
    --> crates/kiln-model/src/forward.rs:3632:4
     |
3632 | fn compute_chunk_body_reference(
     |    ^^^^^^^^^^^^^^^^^^^^^^^^^^^^
     |
     = note: `#[warn(dead_code)]` (part of `#[warn(unused)]`) on by default

warning: function `model_forward_paged_with_graph_inputs` is never used
    --> crates/kiln-model/src/forward.rs:8524:15
     |
8524 | pub(crate) fn model_forward_paged_with_graph_inputs(
     |               ^^^^^^^^^^^^^^^^^^^^^^^^^^^^^^^^^^^^^

warning: function `create_safetensors_with_data` is never used
    --> crates/kiln-model/src/loader.rs:1893:8
     |
1893 |     fn create_safetensors_with_data(tensors: &[(&str, Vec<usize>, StDtype, Vec<u8>)]) -> Vec<u8> {
     |        ^^^^^^^^^^^^^^^^^^^^^^^^^^^^

warning: function `pack_int4` is never used
    --> crates/kiln-model/src/loader.rs:1913:8
     |
1913 |     fn pack_int4(values: &[u8]) -> Vec<u8> {
     |        ^^^^^^^^^

warning: function `gptq_linear_tensors` is never used
    --> crates/kiln-model/src/loader.rs:1927:8
     |
1927 |     fn gptq_linear_tensors(
     |        ^^^^^^^^^^^^^^^^^^^

warning: field `fp8_scales` is never read
  --> crates/kiln-model/src/paged_kv_cache.rs:37:5
   |
25 | pub struct PagedKvCache {
   |            ------------ field in this struct
...
37 |     fp8_scales: Vec<(f32, f32)>,
   |     ^^^^^^^^^^

warning: `kiln-model` (lib test) generated 22 warnings (run `cargo fix --lib -p kiln-model --tests` to apply 16 suggestions)
    Finished `test` profile [unoptimized + debuginfo] target(s) in 0.13s
     Running unittests src/lib.rs (target/debug/deps/kiln_model-8ab5b66e9ef10c0c)

running 1 test
metal_lora_delta_add_bench label=mlp_gate_or_up batch=1 input_dim=2560 output_dim=9216 rank=1 iters=20 fused_us=141.148 fallback_us=551.819 speedup=3.910 max_abs_diff=0e0 mean_abs_diff=0e0
metal_lora_delta_add_bench label=down_proj batch=1 input_dim=9216 output_dim=2560 rank=1 iters=20 fused_us=202.965 fallback_us=865.110 speedup=4.262 max_abs_diff=0e0 mean_abs_diff=0e0
metal_lora_delta_add_bench label=mlp_gate_or_up batch=4 input_dim=2560 output_dim=9216 rank=1 iters=20 fused_us=147.377 fallback_us=492.773 speedup=3.344 max_abs_diff=0e0 mean_abs_diff=0e0
metal_lora_delta_add_bench label=down_proj batch=4 input_dim=9216 output_dim=2560 rank=1 iters=20 fused_us=159.533 fallback_us=758.581 speedup=4.755 max_abs_diff=0e0 mean_abs_diff=0e0
metal_lora_delta_add_bench label=mlp_gate_or_up batch=1 input_dim=2560 output_dim=9216 rank=2 iters=20 fused_us=135.438 fallback_us=487.188 speedup=3.597 max_abs_diff=0e0 mean_abs_diff=0e0
metal_lora_delta_add_bench label=down_proj batch=1 input_dim=9216 output_dim=2560 rank=2 iters=20 fused_us=153.554 fallback_us=711.212 speedup=4.632 max_abs_diff=0e0 mean_abs_diff=0e0
metal_lora_delta_add_bench label=mlp_gate_or_up batch=4 input_dim=2560 output_dim=9216 rank=2 iters=20 fused_us=132.529 fallback_us=484.346 speedup=3.655 max_abs_diff=0e0 mean_abs_diff=0e0
metal_lora_delta_add_bench label=down_proj batch=4 input_dim=9216 output_dim=2560 rank=2 iters=20 fused_us=155.521 fallback_us=849.194 speedup=5.460 max_abs_diff=0e0 mean_abs_diff=0e0
metal_lora_delta_add_bench label=mlp_gate_or_up batch=1 input_dim=2560 output_dim=9216 rank=4 iters=20 fused_us=139.260 fallback_us=418.331 speedup=3.004 max_abs_diff=0e0 mean_abs_diff=0e0
metal_lora_delta_add_bench label=down_proj batch=1 input_dim=9216 output_dim=2560 rank=4 iters=20 fused_us=146.894 fallback_us=653.181 speedup=4.447 max_abs_diff=0e0 mean_abs_diff=0e0
metal_lora_delta_add_bench label=mlp_gate_or_up batch=4 input_dim=2560 output_dim=9216 rank=4 iters=20 fused_us=127.510 fallback_us=609.642 speedup=4.781 max_abs_diff=0e0 mean_abs_diff=0e0
metal_lora_delta_add_bench label=down_proj batch=4 input_dim=9216 output_dim=2560 rank=4 iters=20 fused_us=151.665 fallback_us=984.979 speedup=6.494 max_abs_diff=0e0 mean_abs_diff=0e0
metal_lora_delta_add_bench label=mlp_gate_or_up batch=1 input_dim=2560 output_dim=9216 rank=8 iters=20 fused_us=143.606 fallback_us=502.081 speedup=3.496 max_abs_diff=0e0 mean_abs_diff=0e0
metal_lora_delta_add_bench label=down_proj batch=1 input_dim=9216 output_dim=2560 rank=8 iters=20 fused_us=146.800 fallback_us=739.735 speedup=5.039 max_abs_diff=0e0 mean_abs_diff=0e0
metal_lora_delta_add_bench label=mlp_gate_or_up batch=4 input_dim=2560 output_dim=9216 rank=8 iters=20 fused_us=136.071 fallback_us=729.329 speedup=5.360 max_abs_diff=0e0 mean_abs_diff=0e0
metal_lora_delta_add_bench label=down_proj batch=4 input_dim=9216 output_dim=2560 rank=8 iters=20 fused_us=199.500 fallback_us=1309.915 speedup=6.566 max_abs_diff=0e0 mean_abs_diff=0e0
metal_lora_delta_add_bench label=mlp_gate_or_up batch=1 input_dim=2560 output_dim=9216 rank=16 iters=20 fused_us=153.356 fallback_us=479.046 speedup=3.124 max_abs_diff=0e0 mean_abs_diff=0e0
metal_lora_delta_add_bench label=down_proj batch=1 input_dim=9216 output_dim=2560 rank=16 iters=20 fused_us=155.729 fallback_us=798.573 speedup=5.128 max_abs_diff=0e0 mean_abs_diff=0e0
metal_lora_delta_add_bench label=mlp_gate_or_up batch=4 input_dim=2560 output_dim=9216 rank=16 iters=20 fused_us=219.285 fallback_us=1086.560 speedup=4.955 max_abs_diff=0e0 mean_abs_diff=0e0
metal_lora_delta_add_bench label=down_proj batch=4 input_dim=9216 output_dim=2560 rank=16 iters=20 fused_us=183.883 fallback_us=1743.594 speedup=9.482 max_abs_diff=0e0 mean_abs_diff=0e0
test backend::metal::tests::bench_lora_decode_add_qwen35_synthetic ... ok

test result: ok. 1 passed; 0 failed; 0 ignored; 0 measured; 367 filtered out; finished in 2.18s

