warning: variable does not need to be mutable
   --> crates/kiln-model/src/paged_kv_cache.rs:797:13
    |
797 |         let mut cache = PagedKvCache::new(
    |             ----^^^^^
    |             |
    |             help: remove this `mut`
    |
    = note: `#[warn(unused_mut)]` (part of `#[warn(unused)]`) on by default

warning: variable does not need to be mutable
   --> crates/kiln-model/src/paged_kv_cache.rs:867:13
    |
867 |         let mut cache = PagedKvCache::new(1, 4, 4, 2, 3, DType::F32, &device)?;
    |             ----^^^^^
    |             |
    |             help: remove this `mut`

warning: variable does not need to be mutable
   --> crates/kiln-model/src/paged_kv_cache.rs:907:13
    |
907 |         let mut cache = PagedKvCache::new(1, 8, 4, heads, head_dim, DType::F32, &device)?;
    |             ----^^^^^
    |             |
    |             help: remove this `mut`

warning: variable does not need to be mutable
   --> crates/kiln-model/src/paged_kv_cache.rs:961:13
    |
961 |         let mut cache = PagedKvCache::new(1, 8, 4, heads, head_dim, DType::BF16, &device)?;
    |             ----^^^^^
    |             |
    |             help: remove this `mut`

warning: variable does not need to be mutable
    --> crates/kiln-model/src/paged_kv_cache.rs:1016:13
     |
1016 |         let mut cache = PagedKvCache::new_uninit(1, 4, 4, 1, 2, DType::F32, &device)?;
     |             ----^^^^^
     |             |
     |             help: remove this `mut`

warning: variable does not need to be mutable
    --> crates/kiln-model/src/paged_kv_cache.rs:1066:13
     |
1066 |         let mut cache = PagedKvCache::new(
     |             ----^^^^^
     |             |
     |             help: remove this `mut`

warning: variable does not need to be mutable
    --> crates/kiln-model/src/paged_kv_cache.rs:1125:13
     |
1125 |         let mut cache = PagedKvCache::new(
     |             ----^^^^^
     |             |
     |             help: remove this `mut`

warning: variable does not need to be mutable
    --> crates/kiln-model/src/paged_kv_cache.rs:1163:13
     |
1163 |         let mut cache = PagedKvCache::new(
     |             ----^^^^^
     |             |
     |             help: remove this `mut`

warning: variable does not need to be mutable
    --> crates/kiln-model/src/paged_kv_cache.rs:1202:13
     |
1202 |         let mut cache = PagedKvCache::new(1, 2, 4, 2, 3, DType::F32, &device)?;
     |             ----^^^^^
     |             |
     |             help: remove this `mut`

warning: variable does not need to be mutable
    --> crates/kiln-model/src/paged_kv_cache.rs:1236:13
     |
1236 |         let mut paged = PagedKvCache::new(
     |             ----^^^^^
     |             |
     |             help: remove this `mut`

warning: variable does not need to be mutable
    --> crates/kiln-model/src/paged_kv_cache.rs:1318:13
     |
1318 |         let mut cache = PagedKvCache::new(3, 2, 4, 1, 2, DType::F32, &device)?;
     |             ----^^^^^
     |             |
     |             help: remove this `mut`

warning: variable does not need to be mutable
    --> crates/kiln-model/src/paged_kv_cache.rs:1359:13
     |
1359 |         let mut cache = PagedKvCache::new_with_fp8(
     |             ----^^^^^
     |             |
     |             help: remove this `mut`

warning: unused variable: `v_out`
    --> crates/kiln-model/src/paged_kv_cache.rs:1407:21
     |
1407 |         let (k_out, v_out) = cache.read(0, &bt, 3)?;
     |                     ^^^^^ help: if this is intentional, prefix it with an underscore: `_v_out`
     |
     = note: `#[warn(unused_variables)]` (part of `#[warn(unused)]`) on by default

warning: variable does not need to be mutable
    --> crates/kiln-model/src/paged_kv_cache.rs:1429:13
     |
1429 |         let mut cache = PagedKvCache::new_with_fp8(1, 2, 4, 2, 3, DType::F32, &device, true)?;
     |             ----^^^^^
     |             |
     |             help: remove this `mut`

warning: unused variable: `in_features`
   --> crates/kiln-model/src/quantized.rs:377:13
    |
377 |         let in_features = 8;
    |             ^^^^^^^^^^^ help: if this is intentional, prefix it with an underscore: `_in_features`

warning: unused variable: `out_features`
   --> crates/kiln-model/src/quantized.rs:378:13
    |
378 |         let out_features = 1;
    |             ^^^^^^^^^^^^ help: if this is intentional, prefix it with an underscore: `_out_features`

warning: function `compute_chunk_body_reference` is never used
    --> crates/kiln-model/src/forward.rs:3632:4
     |
3632 | fn compute_chunk_body_reference(
     |    ^^^^^^^^^^^^^^^^^^^^^^^^^^^^
     |
     = note: `#[warn(dead_code)]` (part of `#[warn(unused)]`) on by default

warning: function `model_forward_paged_with_graph_inputs` is never used
    --> crates/kiln-model/src/forward.rs:8524:15
     |
8524 | pub(crate) fn model_forward_paged_with_graph_inputs(
     |               ^^^^^^^^^^^^^^^^^^^^^^^^^^^^^^^^^^^^^

warning: function `create_safetensors_with_data` is never used
    --> crates/kiln-model/src/loader.rs:1893:8
     |
1893 |     fn create_safetensors_with_data(tensors: &[(&str, Vec<usize>, StDtype, Vec<u8>)]) -> Vec<u8> {
     |        ^^^^^^^^^^^^^^^^^^^^^^^^^^^^

warning: function `pack_int4` is never used
    --> crates/kiln-model/src/loader.rs:1913:8
     |
1913 |     fn pack_int4(values: &[u8]) -> Vec<u8> {
     |        ^^^^^^^^^

warning: function `gptq_linear_tensors` is never used
    --> crates/kiln-model/src/loader.rs:1927:8
     |
1927 |     fn gptq_linear_tensors(
     |        ^^^^^^^^^^^^^^^^^^^

warning: field `fp8_scales` is never read
  --> crates/kiln-model/src/paged_kv_cache.rs:37:5
   |
25 | pub struct PagedKvCache {
   |            ------------ field in this struct
...
37 |     fp8_scales: Vec<(f32, f32)>,
   |     ^^^^^^^^^^

warning: `kiln-model` (lib test) generated 22 warnings (run `cargo fix --lib -p kiln-model --tests` to apply 16 suggestions)
    Finished `test` profile [unoptimized + debuginfo] target(s) in 0.13s
     Running unittests src/lib.rs (target/debug/deps/kiln_model-8ab5b66e9ef10c0c)

running 1 test
metal_lora_delta_add_bench label=mlp_gate_or_up batch=1 input_dim=2560 output_dim=9216 rank=1 iters=20 fused_us=133.394 fallback_us=541.269 speedup=4.058 max_abs_diff=0e0 mean_abs_diff=0e0
metal_lora_delta_add_bench label=down_proj batch=1 input_dim=9216 output_dim=2560 rank=1 iters=20 fused_us=242.967 fallback_us=1127.556 speedup=4.641 max_abs_diff=0e0 mean_abs_diff=0e0
metal_lora_delta_add_bench label=mlp_gate_or_up batch=4 input_dim=2560 output_dim=9216 rank=1 iters=20 fused_us=150.977 fallback_us=680.790 speedup=4.509 max_abs_diff=0e0 mean_abs_diff=0e0
metal_lora_delta_add_bench label=down_proj batch=4 input_dim=9216 output_dim=2560 rank=1 iters=20 fused_us=188.627 fallback_us=743.225 speedup=3.940 max_abs_diff=0e0 mean_abs_diff=0e0
metal_lora_delta_add_bench label=mlp_gate_or_up batch=8 input_dim=2560 output_dim=9216 rank=1 iters=20 fused_us=144.729 fallback_us=636.502 speedup=4.398 max_abs_diff=0e0 mean_abs_diff=0e0
metal_lora_delta_add_bench label=down_proj batch=8 input_dim=9216 output_dim=2560 rank=1 iters=20 fused_us=165.121 fallback_us=681.915 speedup=4.130 max_abs_diff=0e0 mean_abs_diff=0e0
metal_lora_delta_add_bench label=mlp_gate_or_up batch=1 input_dim=2560 output_dim=9216 rank=2 iters=20 fused_us=137.696 fallback_us=490.871 speedup=3.565 max_abs_diff=0e0 mean_abs_diff=0e0
metal_lora_delta_add_bench label=down_proj batch=1 input_dim=9216 output_dim=2560 rank=2 iters=20 fused_us=166.338 fallback_us=683.515 speedup=4.109 max_abs_diff=0e0 mean_abs_diff=0e0
metal_lora_delta_add_bench label=mlp_gate_or_up batch=4 input_dim=2560 output_dim=9216 rank=2 iters=20 fused_us=146.300 fallback_us=531.102 speedup=3.630 max_abs_diff=0e0 mean_abs_diff=0e0
metal_lora_delta_add_bench label=down_proj batch=4 input_dim=9216 output_dim=2560 rank=2 iters=20 fused_us=179.508 fallback_us=1056.244 speedup=5.884 max_abs_diff=0e0 mean_abs_diff=0e0
metal_lora_delta_add_bench label=mlp_gate_or_up batch=8 input_dim=2560 output_dim=9216 rank=2 iters=20 fused_us=145.319 fallback_us=598.198 speedup=4.116 max_abs_diff=0e0 mean_abs_diff=0e0
metal_lora_delta_add_bench label=down_proj batch=8 input_dim=9216 output_dim=2560 rank=2 iters=20 fused_us=174.871 fallback_us=1007.860 speedup=5.763 max_abs_diff=0e0 mean_abs_diff=0e0
metal_lora_delta_add_bench label=mlp_gate_or_up batch=1 input_dim=2560 output_dim=9216 rank=4 iters=20 fused_us=152.171 fallback_us=430.967 speedup=2.832 max_abs_diff=0e0 mean_abs_diff=0e0
metal_lora_delta_add_bench label=down_proj batch=1 input_dim=9216 output_dim=2560 rank=4 iters=20 fused_us=162.144 fallback_us=625.254 speedup=3.856 max_abs_diff=0e0 mean_abs_diff=0e0
metal_lora_delta_add_bench label=mlp_gate_or_up batch=4 input_dim=2560 output_dim=9216 rank=4 iters=20 fused_us=141.925 fallback_us=509.583 speedup=3.591 max_abs_diff=0e0 mean_abs_diff=0e0
metal_lora_delta_add_bench label=down_proj batch=4 input_dim=9216 output_dim=2560 rank=4 iters=20 fused_us=165.831 fallback_us=906.577 speedup=5.467 max_abs_diff=0e0 mean_abs_diff=0e0
metal_lora_delta_add_bench label=mlp_gate_or_up batch=8 input_dim=2560 output_dim=9216 rank=4 iters=20 fused_us=140.588 fallback_us=903.067 speedup=6.424 max_abs_diff=0e0 mean_abs_diff=0e0
metal_lora_delta_add_bench label=down_proj batch=8 input_dim=9216 output_dim=2560 rank=4 iters=20 fused_us=178.281 fallback_us=1270.542 speedup=7.127 max_abs_diff=0e0 mean_abs_diff=0e0
metal_lora_delta_add_bench label=mlp_gate_or_up batch=1 input_dim=2560 output_dim=9216 rank=8 iters=20 fused_us=148.631 fallback_us=458.052 speedup=3.082 max_abs_diff=0e0 mean_abs_diff=0e0
metal_lora_delta_add_bench label=down_proj batch=1 input_dim=9216 output_dim=2560 rank=8 iters=20 fused_us=162.881 fallback_us=763.121 speedup=4.685 max_abs_diff=0e0 mean_abs_diff=0e0
metal_lora_delta_add_bench label=mlp_gate_or_up batch=4 input_dim=2560 output_dim=9216 rank=8 iters=20 fused_us=149.444 fallback_us=703.506 speedup=4.707 max_abs_diff=0e0 mean_abs_diff=0e0
metal_lora_delta_add_bench label=down_proj batch=4 input_dim=9216 output_dim=2560 rank=8 iters=20 fused_us=174.469 fallback_us=1233.442 speedup=7.070 max_abs_diff=0e0 mean_abs_diff=0e0
metal_lora_delta_add_bench label=mlp_gate_or_up batch=8 input_dim=2560 output_dim=9216 rank=8 iters=20 fused_us=148.075 fallback_us=1286.140 speedup=8.686 max_abs_diff=0e0 mean_abs_diff=0e0
metal_lora_delta_add_bench label=down_proj batch=8 input_dim=9216 output_dim=2560 rank=8 iters=20 fused_us=175.515 fallback_us=1856.002 speedup=10.575 max_abs_diff=0e0 mean_abs_diff=0e0
metal_lora_delta_add_bench label=mlp_gate_or_up batch=1 input_dim=2560 output_dim=9216 rank=16 iters=20 fused_us=169.360 fallback_us=584.448 speedup=3.451 max_abs_diff=0e0 mean_abs_diff=0e0
metal_lora_delta_add_bench label=down_proj batch=1 input_dim=9216 output_dim=2560 rank=16 iters=20 fused_us=174.254 fallback_us=861.121 speedup=4.942 max_abs_diff=0e0 mean_abs_diff=0e0
metal_lora_delta_add_bench label=mlp_gate_or_up batch=4 input_dim=2560 output_dim=9216 rank=16 iters=20 fused_us=164.887 fallback_us=1148.110 speedup=6.963 max_abs_diff=0e0 mean_abs_diff=0e0
metal_lora_delta_add_bench label=down_proj batch=4 input_dim=9216 output_dim=2560 rank=16 iters=20 fused_us=186.387 fallback_us=1656.519 speedup=8.887 max_abs_diff=0e0 mean_abs_diff=0e0
metal_lora_delta_add_bench label=mlp_gate_or_up batch=8 input_dim=2560 output_dim=9216 rank=16 iters=20 fused_us=175.702 fallback_us=2230.300 speedup=12.694 max_abs_diff=0e0 mean_abs_diff=0e0
metal_lora_delta_add_bench label=down_proj batch=8 input_dim=9216 output_dim=2560 rank=16 iters=20 fused_us=208.606 fallback_us=3064.977 speedup=14.693 max_abs_diff=0e0 mean_abs_diff=0e0
test backend::metal::tests::bench_lora_decode_add_qwen35_synthetic ... ok

test result: ok. 1 passed; 0 failed; 0 ignored; 0 measured; 367 filtered out; finished in 2.59s

