warning: variable does not need to be mutable
   --> crates/kiln-model/src/paged_kv_cache.rs:797:13
    |
797 |         let mut cache = PagedKvCache::new(
    |             ----^^^^^
    |             |
    |             help: remove this `mut`
    |
    = note: `#[warn(unused_mut)]` (part of `#[warn(unused)]`) on by default

warning: variable does not need to be mutable
   --> crates/kiln-model/src/paged_kv_cache.rs:867:13
    |
867 |         let mut cache = PagedKvCache::new(1, 4, 4, 2, 3, DType::F32, &device)?;
    |             ----^^^^^
    |             |
    |             help: remove this `mut`

warning: variable does not need to be mutable
   --> crates/kiln-model/src/paged_kv_cache.rs:907:13
    |
907 |         let mut cache = PagedKvCache::new(1, 8, 4, heads, head_dim, DType::F32, &device)?;
    |             ----^^^^^
    |             |
    |             help: remove this `mut`

warning: variable does not need to be mutable
   --> crates/kiln-model/src/paged_kv_cache.rs:961:13
    |
961 |         let mut cache = PagedKvCache::new(1, 8, 4, heads, head_dim, DType::BF16, &device)?;
    |             ----^^^^^
    |             |
    |             help: remove this `mut`

warning: variable does not need to be mutable
    --> crates/kiln-model/src/paged_kv_cache.rs:1016:13
     |
1016 |         let mut cache = PagedKvCache::new_uninit(1, 4, 4, 1, 2, DType::F32, &device)?;
     |             ----^^^^^
     |             |
     |             help: remove this `mut`

warning: variable does not need to be mutable
    --> crates/kiln-model/src/paged_kv_cache.rs:1066:13
     |
1066 |         let mut cache = PagedKvCache::new(
     |             ----^^^^^
     |             |
     |             help: remove this `mut`

warning: variable does not need to be mutable
    --> crates/kiln-model/src/paged_kv_cache.rs:1125:13
     |
1125 |         let mut cache = PagedKvCache::new(
     |             ----^^^^^
     |             |
     |             help: remove this `mut`

warning: variable does not need to be mutable
    --> crates/kiln-model/src/paged_kv_cache.rs:1163:13
     |
1163 |         let mut cache = PagedKvCache::new(
     |             ----^^^^^
     |             |
     |             help: remove this `mut`

warning: variable does not need to be mutable
    --> crates/kiln-model/src/paged_kv_cache.rs:1202:13
     |
1202 |         let mut cache = PagedKvCache::new(1, 2, 4, 2, 3, DType::F32, &device)?;
     |             ----^^^^^
     |             |
     |             help: remove this `mut`

warning: variable does not need to be mutable
    --> crates/kiln-model/src/paged_kv_cache.rs:1236:13
     |
1236 |         let mut paged = PagedKvCache::new(
     |             ----^^^^^
     |             |
     |             help: remove this `mut`

warning: variable does not need to be mutable
    --> crates/kiln-model/src/paged_kv_cache.rs:1318:13
     |
1318 |         let mut cache = PagedKvCache::new(3, 2, 4, 1, 2, DType::F32, &device)?;
     |             ----^^^^^
     |             |
     |             help: remove this `mut`

warning: variable does not need to be mutable
    --> crates/kiln-model/src/paged_kv_cache.rs:1359:13
     |
1359 |         let mut cache = PagedKvCache::new_with_fp8(
     |             ----^^^^^
     |             |
     |             help: remove this `mut`

warning: unused variable: `v_out`
    --> crates/kiln-model/src/paged_kv_cache.rs:1407:21
     |
1407 |         let (k_out, v_out) = cache.read(0, &bt, 3)?;
     |                     ^^^^^ help: if this is intentional, prefix it with an underscore: `_v_out`
     |
     = note: `#[warn(unused_variables)]` (part of `#[warn(unused)]`) on by default

warning: variable does not need to be mutable
    --> crates/kiln-model/src/paged_kv_cache.rs:1429:13
     |
1429 |         let mut cache = PagedKvCache::new_with_fp8(1, 2, 4, 2, 3, DType::F32, &device, true)?;
     |             ----^^^^^
     |             |
     |             help: remove this `mut`

warning: unused variable: `in_features`
   --> crates/kiln-model/src/quantized.rs:377:13
    |
377 |         let in_features = 8;
    |             ^^^^^^^^^^^ help: if this is intentional, prefix it with an underscore: `_in_features`

warning: unused variable: `out_features`
   --> crates/kiln-model/src/quantized.rs:378:13
    |
378 |         let out_features = 1;
    |             ^^^^^^^^^^^^ help: if this is intentional, prefix it with an underscore: `_out_features`

warning: function `compute_chunk_body_reference` is never used
    --> crates/kiln-model/src/forward.rs:3632:4
     |
3632 | fn compute_chunk_body_reference(
     |    ^^^^^^^^^^^^^^^^^^^^^^^^^^^^
     |
     = note: `#[warn(dead_code)]` (part of `#[warn(unused)]`) on by default

warning: function `model_forward_paged_with_graph_inputs` is never used
    --> crates/kiln-model/src/forward.rs:8524:15
     |
8524 | pub(crate) fn model_forward_paged_with_graph_inputs(
     |               ^^^^^^^^^^^^^^^^^^^^^^^^^^^^^^^^^^^^^

warning: function `create_safetensors_with_data` is never used
    --> crates/kiln-model/src/loader.rs:1893:8
     |
1893 |     fn create_safetensors_with_data(tensors: &[(&str, Vec<usize>, StDtype, Vec<u8>)]) -> Vec<u8> {
     |        ^^^^^^^^^^^^^^^^^^^^^^^^^^^^

warning: function `pack_int4` is never used
    --> crates/kiln-model/src/loader.rs:1913:8
     |
1913 |     fn pack_int4(values: &[u8]) -> Vec<u8> {
     |        ^^^^^^^^^

warning: function `gptq_linear_tensors` is never used
    --> crates/kiln-model/src/loader.rs:1927:8
     |
1927 |     fn gptq_linear_tensors(
     |        ^^^^^^^^^^^^^^^^^^^

warning: field `fp8_scales` is never read
  --> crates/kiln-model/src/paged_kv_cache.rs:37:5
   |
25 | pub struct PagedKvCache {
   |            ------------ field in this struct
...
37 |     fp8_scales: Vec<(f32, f32)>,
   |     ^^^^^^^^^^

warning: `kiln-model` (lib test) generated 22 warnings (run `cargo fix --lib -p kiln-model --tests` to apply 16 suggestions)
    Finished `test` profile [unoptimized + debuginfo] target(s) in 0.13s
     Running unittests src/lib.rs (target/debug/deps/kiln_model-8ab5b66e9ef10c0c)

running 1 test
metal_lora_linear_bench label=mlp_gate_or_up batch=1 input_dim=2560 output_dim=9216 rank=1 iters=10 fast_ms=1.274 fallback_ms=1.920 speedup=1.508 max_abs_diff=0e0 mean_abs_diff=0e0
metal_lora_linear_bench label=down_proj batch=1 input_dim=9216 output_dim=2560 rank=1 iters=10 fast_ms=1.231 fallback_ms=1.955 speedup=1.587 max_abs_diff=1.5625e-2 mean_abs_diff=6.1035156e-5
metal_lora_linear_bench label=mlp_gate_or_up batch=2 input_dim=2560 output_dim=9216 rank=1 iters=10 fast_ms=1.634 fallback_ms=63.457 speedup=38.829 max_abs_diff=0e0 mean_abs_diff=0e0
metal_lora_linear_bench label=down_proj batch=2 input_dim=9216 output_dim=2560 rank=1 iters=10 fast_ms=1.858 fallback_ms=70.038 speedup=37.701 max_abs_diff=1.5625e-2 mean_abs_diff=3.0517578e-5
metal_lora_linear_bench label=mlp_gate_or_up batch=4 input_dim=2560 output_dim=9216 rank=1 iters=10 fast_ms=2.630 fallback_ms=140.312 speedup=53.360 max_abs_diff=0e0 mean_abs_diff=0e0
metal_lora_linear_bench label=down_proj batch=4 input_dim=9216 output_dim=2560 rank=1 iters=10 fast_ms=2.720 fallback_ms=153.790 speedup=56.550 max_abs_diff=1.5625e-2 mean_abs_diff=3.0517578e-5
metal_lora_linear_bench label=mlp_gate_or_up batch=8 input_dim=2560 output_dim=9216 rank=1 iters=10 fast_ms=3.353 fallback_ms=307.702 speedup=91.758 max_abs_diff=0e0 mean_abs_diff=0e0
metal_lora_linear_bench label=down_proj batch=8 input_dim=9216 output_dim=2560 rank=1 iters=10 fast_ms=3.726 fallback_ms=333.673 speedup=89.563 max_abs_diff=1.5625e-2 mean_abs_diff=1.5258789e-5
metal_lora_linear_bench label=mlp_gate_or_up batch=1 input_dim=2560 output_dim=9216 rank=2 iters=10 fast_ms=1.247 fallback_ms=2.154 speedup=1.727 max_abs_diff=0e0 mean_abs_diff=0e0
metal_lora_linear_bench label=down_proj batch=1 input_dim=9216 output_dim=2560 rank=2 iters=10 fast_ms=1.245 fallback_ms=1.974 speedup=1.585 max_abs_diff=1.5625e-2 mean_abs_diff=6.1035156e-5
metal_lora_linear_bench label=mlp_gate_or_up batch=2 input_dim=2560 output_dim=9216 rank=2 iters=10 fast_ms=1.640 fallback_ms=63.688 speedup=38.823 max_abs_diff=0e0 mean_abs_diff=0e0
metal_lora_linear_bench label=down_proj batch=2 input_dim=9216 output_dim=2560 rank=2 iters=10 fast_ms=1.923 fallback_ms=70.406 speedup=36.609 max_abs_diff=1.5625e-2 mean_abs_diff=3.0517578e-5
metal_lora_linear_bench label=mlp_gate_or_up batch=4 input_dim=2560 output_dim=9216 rank=2 iters=10 fast_ms=2.391 fallback_ms=140.179 speedup=58.617 max_abs_diff=0e0 mean_abs_diff=0e0
metal_lora_linear_bench label=down_proj batch=4 input_dim=9216 output_dim=2560 rank=2 iters=10 fast_ms=2.674 fallback_ms=153.468 speedup=57.390 max_abs_diff=1.5625e-2 mean_abs_diff=3.8146973e-5
metal_lora_linear_bench label=mlp_gate_or_up batch=8 input_dim=2560 output_dim=9216 rank=2 iters=10 fast_ms=3.487 fallback_ms=307.958 speedup=88.319 max_abs_diff=0e0 mean_abs_diff=0e0
metal_lora_linear_bench label=down_proj batch=8 input_dim=9216 output_dim=2560 rank=2 iters=10 fast_ms=3.470 fallback_ms=333.909 speedup=96.234 max_abs_diff=1.5625e-2 mean_abs_diff=1.9073486e-5
metal_lora_linear_bench label=mlp_gate_or_up batch=1 input_dim=2560 output_dim=9216 rank=4 iters=10 fast_ms=1.461 fallback_ms=1.756 speedup=1.202 max_abs_diff=0e0 mean_abs_diff=0e0
metal_lora_linear_bench label=down_proj batch=1 input_dim=9216 output_dim=2560 rank=4 iters=10 fast_ms=1.124 fallback_ms=2.085 speedup=1.855 max_abs_diff=1.5625e-2 mean_abs_diff=6.1035156e-5
metal_lora_linear_bench label=mlp_gate_or_up batch=2 input_dim=2560 output_dim=9216 rank=4 iters=10 fast_ms=1.635 fallback_ms=63.634 speedup=38.916 max_abs_diff=0e0 mean_abs_diff=0e0
metal_lora_linear_bench label=down_proj batch=2 input_dim=9216 output_dim=2560 rank=4 iters=10 fast_ms=1.907 fallback_ms=70.437 speedup=36.939 max_abs_diff=1.5625e-2 mean_abs_diff=3.0517578e-5
metal_lora_linear_bench label=mlp_gate_or_up batch=4 input_dim=2560 output_dim=9216 rank=4 iters=10 fast_ms=2.494 fallback_ms=140.541 speedup=56.355 max_abs_diff=0e0 mean_abs_diff=0e0
metal_lora_linear_bench label=down_proj batch=4 input_dim=9216 output_dim=2560 rank=4 iters=10 fast_ms=2.481 fallback_ms=153.653 speedup=61.934 max_abs_diff=1.5625e-2 mean_abs_diff=3.0517578e-5
metal_lora_linear_bench label=mlp_gate_or_up batch=8 input_dim=2560 output_dim=9216 rank=4 iters=10 fast_ms=3.207 fallback_ms=307.863 speedup=96.005 max_abs_diff=0e0 mean_abs_diff=0e0
metal_lora_linear_bench label=down_proj batch=8 input_dim=9216 output_dim=2560 rank=4 iters=10 fast_ms=3.510 fallback_ms=334.106 speedup=95.197 max_abs_diff=1.5625e-2 mean_abs_diff=1.5258789e-5
metal_lora_linear_bench label=mlp_gate_or_up batch=1 input_dim=2560 output_dim=9216 rank=8 iters=10 fast_ms=1.198 fallback_ms=1.927 speedup=1.608 max_abs_diff=0e0 mean_abs_diff=0e0
metal_lora_linear_bench label=down_proj batch=1 input_dim=9216 output_dim=2560 rank=8 iters=10 fast_ms=1.120 fallback_ms=2.403 speedup=2.146 max_abs_diff=0e0 mean_abs_diff=0e0
metal_lora_linear_bench label=mlp_gate_or_up batch=2 input_dim=2560 output_dim=9216 rank=8 iters=10 fast_ms=1.223 fallback_ms=63.075 speedup=51.585 max_abs_diff=0e0 mean_abs_diff=0e0
metal_lora_linear_bench label=down_proj batch=2 input_dim=9216 output_dim=2560 rank=8 iters=10 fast_ms=1.720 fallback_ms=70.397 speedup=40.925 max_abs_diff=0e0 mean_abs_diff=0e0
test forward::tests::bench_metal_linear_decode_lora_qwen35_synthetic has been running for over 60 seconds
metal_lora_linear_bench label=mlp_gate_or_up batch=4 input_dim=2560 output_dim=9216 rank=8 iters=10 fast_ms=2.740 fallback_ms=140.636 speedup=51.328 max_abs_diff=0e0 mean_abs_diff=0e0
metal_lora_linear_bench label=down_proj batch=4 input_dim=9216 output_dim=2560 rank=8 iters=10 fast_ms=2.434 fallback_ms=153.939 speedup=63.246 max_abs_diff=3.125e-2 mean_abs_diff=4.5776367e-5
metal_lora_linear_bench label=mlp_gate_or_up batch=8 input_dim=2560 output_dim=9216 rank=8 iters=10 fast_ms=3.281 fallback_ms=308.461 speedup=94.021 max_abs_diff=0e0 mean_abs_diff=0e0
metal_lora_linear_bench label=down_proj batch=8 input_dim=9216 output_dim=2560 rank=8 iters=10 fast_ms=3.426 fallback_ms=334.691 speedup=97.690 max_abs_diff=3.125e-2 mean_abs_diff=2.2888184e-5
metal_lora_linear_bench label=mlp_gate_or_up batch=1 input_dim=2560 output_dim=9216 rank=16 iters=10 fast_ms=1.452 fallback_ms=1.899 speedup=1.307 max_abs_diff=0e0 mean_abs_diff=0e0
metal_lora_linear_bench label=down_proj batch=1 input_dim=9216 output_dim=2560 rank=16 iters=10 fast_ms=1.123 fallback_ms=2.365 speedup=2.106 max_abs_diff=1.5625e-2 mean_abs_diff=6.1035156e-5
metal_lora_linear_bench label=mlp_gate_or_up batch=2 input_dim=2560 output_dim=9216 rank=16 iters=10 fast_ms=1.736 fallback_ms=63.998 speedup=36.868 max_abs_diff=0e0 mean_abs_diff=0e0
metal_lora_linear_bench label=down_proj batch=2 input_dim=9216 output_dim=2560 rank=16 iters=10 fast_ms=1.826 fallback_ms=71.138 speedup=38.961 max_abs_diff=1.5625e-2 mean_abs_diff=3.0517578e-5
metal_lora_linear_bench label=mlp_gate_or_up batch=4 input_dim=2560 output_dim=9216 rank=16 iters=10 fast_ms=2.767 fallback_ms=140.991 speedup=50.954 max_abs_diff=0e0 mean_abs_diff=0e0
metal_lora_linear_bench label=down_proj batch=4 input_dim=9216 output_dim=2560 rank=16 iters=10 fast_ms=2.617 fallback_ms=154.489 speedup=59.023 max_abs_diff=1.5625e-2 mean_abs_diff=3.0517578e-5
metal_lora_linear_bench label=mlp_gate_or_up batch=8 input_dim=2560 output_dim=9216 rank=16 iters=10 fast_ms=3.432 fallback_ms=309.397 speedup=90.147 max_abs_diff=0e0 mean_abs_diff=0e0
metal_lora_linear_bench label=down_proj batch=8 input_dim=9216 output_dim=2560 rank=16 iters=10 fast_ms=3.646 fallback_ms=335.819 speedup=92.100 max_abs_diff=1.5625e-2 mean_abs_diff=1.5258789e-5
test forward::tests::bench_metal_linear_decode_lora_qwen35_synthetic ... ok

test result: ok. 1 passed; 0 failed; 0 ignored; 0 measured; 367 filtered out; finished in 92.93s

