warning: variable does not need to be mutable
   --> crates/kiln-model/src/paged_kv_cache.rs:797:13
    |
797 |         let mut cache = PagedKvCache::new(
    |             ----^^^^^
    |             |
    |             help: remove this `mut`
    |
    = note: `#[warn(unused_mut)]` (part of `#[warn(unused)]`) on by default

warning: variable does not need to be mutable
   --> crates/kiln-model/src/paged_kv_cache.rs:867:13
    |
867 |         let mut cache = PagedKvCache::new(1, 4, 4, 2, 3, DType::F32, &device)?;
    |             ----^^^^^
    |             |
    |             help: remove this `mut`

warning: variable does not need to be mutable
   --> crates/kiln-model/src/paged_kv_cache.rs:907:13
    |
907 |         let mut cache = PagedKvCache::new(1, 8, 4, heads, head_dim, DType::F32, &device)?;
    |             ----^^^^^
    |             |
    |             help: remove this `mut`

warning: variable does not need to be mutable
   --> crates/kiln-model/src/paged_kv_cache.rs:961:13
    |
961 |         let mut cache = PagedKvCache::new(1, 8, 4, heads, head_dim, DType::BF16, &device)?;
    |             ----^^^^^
    |             |
    |             help: remove this `mut`

warning: variable does not need to be mutable
    --> crates/kiln-model/src/paged_kv_cache.rs:1016:13
     |
1016 |         let mut cache = PagedKvCache::new_uninit(1, 4, 4, 1, 2, DType::F32, &device)?;
     |             ----^^^^^
     |             |
     |             help: remove this `mut`

warning: variable does not need to be mutable
    --> crates/kiln-model/src/paged_kv_cache.rs:1066:13
     |
1066 |         let mut cache = PagedKvCache::new(
     |             ----^^^^^
     |             |
     |             help: remove this `mut`

warning: variable does not need to be mutable
    --> crates/kiln-model/src/paged_kv_cache.rs:1125:13
     |
1125 |         let mut cache = PagedKvCache::new(
     |             ----^^^^^
     |             |
     |             help: remove this `mut`

warning: variable does not need to be mutable
    --> crates/kiln-model/src/paged_kv_cache.rs:1163:13
     |
1163 |         let mut cache = PagedKvCache::new(
     |             ----^^^^^
     |             |
     |             help: remove this `mut`

warning: variable does not need to be mutable
    --> crates/kiln-model/src/paged_kv_cache.rs:1202:13
     |
1202 |         let mut cache = PagedKvCache::new(1, 2, 4, 2, 3, DType::F32, &device)?;
     |             ----^^^^^
     |             |
     |             help: remove this `mut`

warning: variable does not need to be mutable
    --> crates/kiln-model/src/paged_kv_cache.rs:1236:13
     |
1236 |         let mut paged = PagedKvCache::new(
     |             ----^^^^^
     |             |
     |             help: remove this `mut`

warning: variable does not need to be mutable
    --> crates/kiln-model/src/paged_kv_cache.rs:1318:13
     |
1318 |         let mut cache = PagedKvCache::new(3, 2, 4, 1, 2, DType::F32, &device)?;
     |             ----^^^^^
     |             |
     |             help: remove this `mut`

warning: variable does not need to be mutable
    --> crates/kiln-model/src/paged_kv_cache.rs:1359:13
     |
1359 |         let mut cache = PagedKvCache::new_with_fp8(
     |             ----^^^^^
     |             |
     |             help: remove this `mut`

warning: unused variable: `v_out`
    --> crates/kiln-model/src/paged_kv_cache.rs:1407:21
     |
1407 |         let (k_out, v_out) = cache.read(0, &bt, 3)?;
     |                     ^^^^^ help: if this is intentional, prefix it with an underscore: `_v_out`
     |
     = note: `#[warn(unused_variables)]` (part of `#[warn(unused)]`) on by default

warning: variable does not need to be mutable
    --> crates/kiln-model/src/paged_kv_cache.rs:1429:13
     |
1429 |         let mut cache = PagedKvCache::new_with_fp8(1, 2, 4, 2, 3, DType::F32, &device, true)?;
     |             ----^^^^^
     |             |
     |             help: remove this `mut`

warning: unused variable: `in_features`
   --> crates/kiln-model/src/quantized.rs:377:13
    |
377 |         let in_features = 8;
    |             ^^^^^^^^^^^ help: if this is intentional, prefix it with an underscore: `_in_features`

warning: unused variable: `out_features`
   --> crates/kiln-model/src/quantized.rs:378:13
    |
378 |         let out_features = 1;
    |             ^^^^^^^^^^^^ help: if this is intentional, prefix it with an underscore: `_out_features`

warning: function `compute_chunk_body_reference` is never used
    --> crates/kiln-model/src/forward.rs:3632:4
     |
3632 | fn compute_chunk_body_reference(
     |    ^^^^^^^^^^^^^^^^^^^^^^^^^^^^
     |
     = note: `#[warn(dead_code)]` (part of `#[warn(unused)]`) on by default

warning: function `model_forward_paged_with_graph_inputs` is never used
    --> crates/kiln-model/src/forward.rs:8524:15
     |
8524 | pub(crate) fn model_forward_paged_with_graph_inputs(
     |               ^^^^^^^^^^^^^^^^^^^^^^^^^^^^^^^^^^^^^

warning: function `create_safetensors_with_data` is never used
    --> crates/kiln-model/src/loader.rs:1893:8
     |
1893 |     fn create_safetensors_with_data(tensors: &[(&str, Vec<usize>, StDtype, Vec<u8>)]) -> Vec<u8> {
     |        ^^^^^^^^^^^^^^^^^^^^^^^^^^^^

warning: function `pack_int4` is never used
    --> crates/kiln-model/src/loader.rs:1913:8
     |
1913 |     fn pack_int4(values: &[u8]) -> Vec<u8> {
     |        ^^^^^^^^^

warning: function `gptq_linear_tensors` is never used
    --> crates/kiln-model/src/loader.rs:1927:8
     |
1927 |     fn gptq_linear_tensors(
     |        ^^^^^^^^^^^^^^^^^^^

warning: field `fp8_scales` is never read
  --> crates/kiln-model/src/paged_kv_cache.rs:37:5
   |
25 | pub struct PagedKvCache {
   |            ------------ field in this struct
...
37 |     fp8_scales: Vec<(f32, f32)>,
   |     ^^^^^^^^^^

warning: `kiln-model` (lib test) generated 22 warnings (run `cargo fix --lib -p kiln-model --tests` to apply 16 suggestions)
    Finished `test` profile [unoptimized + debuginfo] target(s) in 0.13s
     Running unittests src/lib.rs (target/debug/deps/kiln_model-8ab5b66e9ef10c0c)

running 1 test
metal_lora_delta_add_bench label=mlp_gate_or_up batch=1 input_dim=2560 output_dim=9216 rank=1 iters=20 fused_us=131.121 fallback_us=538.938 speedup=4.110 max_abs_diff=0e0 mean_abs_diff=0e0
metal_lora_delta_add_bench label=down_proj batch=1 input_dim=9216 output_dim=2560 rank=1 iters=20 fused_us=371.260 fallback_us=967.583 speedup=2.606 max_abs_diff=0e0 mean_abs_diff=0e0
metal_lora_delta_add_bench label=mlp_gate_or_up batch=2 input_dim=2560 output_dim=9216 rank=1 iters=20 fused_us=149.179 fallback_us=517.583 speedup=3.470 max_abs_diff=0e0 mean_abs_diff=0e0
metal_lora_delta_add_bench label=down_proj batch=2 input_dim=9216 output_dim=2560 rank=1 iters=20 fused_us=178.133 fallback_us=988.327 speedup=5.548 max_abs_diff=0e0 mean_abs_diff=0e0
metal_lora_delta_add_bench label=mlp_gate_or_up batch=4 input_dim=2560 output_dim=9216 rank=1 iters=20 fused_us=146.062 fallback_us=483.292 speedup=3.309 max_abs_diff=0e0 mean_abs_diff=0e0
metal_lora_delta_add_bench label=down_proj batch=4 input_dim=9216 output_dim=2560 rank=1 iters=20 fused_us=160.583 fallback_us=1044.925 speedup=6.507 max_abs_diff=0e0 mean_abs_diff=0e0
metal_lora_delta_add_bench label=mlp_gate_or_up batch=8 input_dim=2560 output_dim=9216 rank=1 iters=20 fused_us=154.206 fallback_us=709.633 speedup=4.602 max_abs_diff=0e0 mean_abs_diff=0e0
metal_lora_delta_add_bench label=down_proj batch=8 input_dim=9216 output_dim=2560 rank=1 iters=20 fused_us=163.294 fallback_us=916.852 speedup=5.615 max_abs_diff=0e0 mean_abs_diff=0e0
metal_lora_delta_add_bench label=mlp_gate_or_up batch=1 input_dim=2560 output_dim=9216 rank=2 iters=20 fused_us=137.702 fallback_us=460.381 speedup=3.343 max_abs_diff=0e0 mean_abs_diff=0e0
metal_lora_delta_add_bench label=down_proj batch=1 input_dim=9216 output_dim=2560 rank=2 iters=20 fused_us=244.925 fallback_us=812.958 speedup=3.319 max_abs_diff=0e0 mean_abs_diff=0e0
metal_lora_delta_add_bench label=mlp_gate_or_up batch=2 input_dim=2560 output_dim=9216 rank=2 iters=20 fused_us=135.438 fallback_us=479.021 speedup=3.537 max_abs_diff=0e0 mean_abs_diff=0e0
metal_lora_delta_add_bench label=down_proj batch=2 input_dim=9216 output_dim=2560 rank=2 iters=20 fused_us=158.238 fallback_us=885.106 speedup=5.594 max_abs_diff=0e0 mean_abs_diff=0e0
metal_lora_delta_add_bench label=mlp_gate_or_up batch=4 input_dim=2560 output_dim=9216 rank=2 iters=20 fused_us=145.671 fallback_us=502.254 speedup=3.448 max_abs_diff=0e0 mean_abs_diff=0e0
metal_lora_delta_add_bench label=down_proj batch=4 input_dim=9216 output_dim=2560 rank=2 iters=20 fused_us=162.269 fallback_us=902.535 speedup=5.562 max_abs_diff=0e0 mean_abs_diff=0e0
metal_lora_delta_add_bench label=mlp_gate_or_up batch=8 input_dim=2560 output_dim=9216 rank=2 iters=20 fused_us=152.285 fallback_us=692.198 speedup=4.545 max_abs_diff=0e0 mean_abs_diff=0e0
metal_lora_delta_add_bench label=down_proj batch=8 input_dim=9216 output_dim=2560 rank=2 iters=20 fused_us=229.404 fallback_us=1081.483 speedup=4.714 max_abs_diff=0e0 mean_abs_diff=0e0
metal_lora_delta_add_bench label=mlp_gate_or_up batch=1 input_dim=2560 output_dim=9216 rank=4 iters=20 fused_us=144.156 fallback_us=463.529 speedup=3.215 max_abs_diff=0e0 mean_abs_diff=0e0
metal_lora_delta_add_bench label=down_proj batch=1 input_dim=9216 output_dim=2560 rank=4 iters=20 fused_us=175.733 fallback_us=826.392 speedup=4.703 max_abs_diff=0e0 mean_abs_diff=0e0
metal_lora_delta_add_bench label=mlp_gate_or_up batch=2 input_dim=2560 output_dim=9216 rank=4 iters=20 fused_us=143.010 fallback_us=573.398 speedup=4.009 max_abs_diff=0e0 mean_abs_diff=0e0
metal_lora_delta_add_bench label=down_proj batch=2 input_dim=9216 output_dim=2560 rank=4 iters=20 fused_us=164.740 fallback_us=1054.812 speedup=6.403 max_abs_diff=0e0 mean_abs_diff=0e0
metal_lora_delta_add_bench label=mlp_gate_or_up batch=4 input_dim=2560 output_dim=9216 rank=4 iters=20 fused_us=126.325 fallback_us=574.929 speedup=4.551 max_abs_diff=0e0 mean_abs_diff=0e0
metal_lora_delta_add_bench label=down_proj batch=4 input_dim=9216 output_dim=2560 rank=4 iters=20 fused_us=178.502 fallback_us=1039.531 speedup=5.824 max_abs_diff=0e0 mean_abs_diff=0e0
metal_lora_delta_add_bench label=mlp_gate_or_up batch=8 input_dim=2560 output_dim=9216 rank=4 iters=20 fused_us=149.915 fallback_us=801.263 speedup=5.345 max_abs_diff=0e0 mean_abs_diff=0e0
metal_lora_delta_add_bench label=down_proj batch=8 input_dim=9216 output_dim=2560 rank=4 iters=20 fused_us=154.054 fallback_us=1262.079 speedup=8.192 max_abs_diff=0e0 mean_abs_diff=0e0
metal_lora_delta_add_bench label=mlp_gate_or_up batch=1 input_dim=2560 output_dim=9216 rank=8 iters=20 fused_us=141.162 fallback_us=459.288 speedup=3.254 max_abs_diff=0e0 mean_abs_diff=0e0
metal_lora_delta_add_bench label=down_proj batch=1 input_dim=9216 output_dim=2560 rank=8 iters=20 fused_us=159.471 fallback_us=705.715 speedup=4.425 max_abs_diff=0e0 mean_abs_diff=0e0
metal_lora_delta_add_bench label=mlp_gate_or_up batch=2 input_dim=2560 output_dim=9216 rank=8 iters=20 fused_us=129.698 fallback_us=544.600 speedup=4.199 max_abs_diff=0e0 mean_abs_diff=0e0
metal_lora_delta_add_bench label=down_proj batch=2 input_dim=9216 output_dim=2560 rank=8 iters=20 fused_us=167.017 fallback_us=1246.694 speedup=7.464 max_abs_diff=0e0 mean_abs_diff=0e0
metal_lora_delta_add_bench label=mlp_gate_or_up batch=4 input_dim=2560 output_dim=9216 rank=8 iters=20 fused_us=156.285 fallback_us=866.877 speedup=5.547 max_abs_diff=0e0 mean_abs_diff=0e0
metal_lora_delta_add_bench label=down_proj batch=4 input_dim=9216 output_dim=2560 rank=8 iters=20 fused_us=179.185 fallback_us=1169.690 speedup=6.528 max_abs_diff=0e0 mean_abs_diff=0e0
metal_lora_delta_add_bench label=mlp_gate_or_up batch=8 input_dim=2560 output_dim=9216 rank=8 iters=20 fused_us=166.835 fallback_us=1304.533 speedup=7.819 max_abs_diff=0e0 mean_abs_diff=0e0
metal_lora_delta_add_bench label=down_proj batch=8 input_dim=9216 output_dim=2560 rank=8 iters=20 fused_us=179.396 fallback_us=1836.213 speedup=10.236 max_abs_diff=0e0 mean_abs_diff=0e0
metal_lora_delta_add_bench label=mlp_gate_or_up batch=1 input_dim=2560 output_dim=9216 rank=16 iters=20 fused_us=170.517 fallback_us=563.485 speedup=3.305 max_abs_diff=0e0 mean_abs_diff=0e0
metal_lora_delta_add_bench label=down_proj batch=1 input_dim=9216 output_dim=2560 rank=16 iters=20 fused_us=178.667 fallback_us=798.740 speedup=4.471 max_abs_diff=0e0 mean_abs_diff=0e0
metal_lora_delta_add_bench label=mlp_gate_or_up batch=2 input_dim=2560 output_dim=9216 rank=16 iters=20 fused_us=174.185 fallback_us=656.846 speedup=3.771 max_abs_diff=0e0 mean_abs_diff=0e0
metal_lora_delta_add_bench label=down_proj batch=2 input_dim=9216 output_dim=2560 rank=16 iters=20 fused_us=222.377 fallback_us=1098.783 speedup=4.941 max_abs_diff=0e0 mean_abs_diff=0e0
metal_lora_delta_add_bench label=mlp_gate_or_up batch=4 input_dim=2560 output_dim=9216 rank=16 iters=20 fused_us=177.121 fallback_us=1149.973 speedup=6.493 max_abs_diff=0e0 mean_abs_diff=0e0
metal_lora_delta_add_bench label=down_proj batch=4 input_dim=9216 output_dim=2560 rank=16 iters=20 fused_us=163.181 fallback_us=1726.171 speedup=10.578 max_abs_diff=0e0 mean_abs_diff=0e0
metal_lora_delta_add_bench label=mlp_gate_or_up batch=8 input_dim=2560 output_dim=9216 rank=16 iters=20 fused_us=227.769 fallback_us=2167.819 speedup=9.518 max_abs_diff=0e0 mean_abs_diff=0e0
metal_lora_delta_add_bench label=down_proj batch=8 input_dim=9216 output_dim=2560 rank=16 iters=20 fused_us=200.515 fallback_us=3039.096 speedup=15.156 max_abs_diff=0e0 mean_abs_diff=0e0
test backend::metal::tests::bench_lora_decode_add_qwen35_synthetic ... ok

test result: ok. 1 passed; 0 failed; 0 ignored; 0 measured; 367 filtered out; finished in 2.94s

