warning: variable does not need to be mutable
   --> crates/kiln-model/src/paged_kv_cache.rs:797:13
    |
797 |         let mut cache = PagedKvCache::new(
    |             ----^^^^^
    |             |
    |             help: remove this `mut`
    |
    = note: `#[warn(unused_mut)]` (part of `#[warn(unused)]`) on by default

warning: variable does not need to be mutable
   --> crates/kiln-model/src/paged_kv_cache.rs:867:13
    |
867 |         let mut cache = PagedKvCache::new(1, 4, 4, 2, 3, DType::F32, &device)?;
    |             ----^^^^^
    |             |
    |             help: remove this `mut`

warning: variable does not need to be mutable
   --> crates/kiln-model/src/paged_kv_cache.rs:907:13
    |
907 |         let mut cache = PagedKvCache::new(1, 8, 4, heads, head_dim, DType::F32, &device)?;
    |             ----^^^^^
    |             |
    |             help: remove this `mut`

warning: variable does not need to be mutable
   --> crates/kiln-model/src/paged_kv_cache.rs:961:13
    |
961 |         let mut cache = PagedKvCache::new(1, 8, 4, heads, head_dim, DType::BF16, &device)?;
    |             ----^^^^^
    |             |
    |             help: remove this `mut`

warning: variable does not need to be mutable
    --> crates/kiln-model/src/paged_kv_cache.rs:1016:13
     |
1016 |         let mut cache = PagedKvCache::new_uninit(1, 4, 4, 1, 2, DType::F32, &device)?;
     |             ----^^^^^
     |             |
     |             help: remove this `mut`

warning: variable does not need to be mutable
    --> crates/kiln-model/src/paged_kv_cache.rs:1066:13
     |
1066 |         let mut cache = PagedKvCache::new(
     |             ----^^^^^
     |             |
     |             help: remove this `mut`

warning: variable does not need to be mutable
    --> crates/kiln-model/src/paged_kv_cache.rs:1125:13
     |
1125 |         let mut cache = PagedKvCache::new(
     |             ----^^^^^
     |             |
     |             help: remove this `mut`

warning: variable does not need to be mutable
    --> crates/kiln-model/src/paged_kv_cache.rs:1163:13
     |
1163 |         let mut cache = PagedKvCache::new(
     |             ----^^^^^
     |             |
     |             help: remove this `mut`

warning: variable does not need to be mutable
    --> crates/kiln-model/src/paged_kv_cache.rs:1202:13
     |
1202 |         let mut cache = PagedKvCache::new(1, 2, 4, 2, 3, DType::F32, &device)?;
     |             ----^^^^^
     |             |
     |             help: remove this `mut`

warning: variable does not need to be mutable
    --> crates/kiln-model/src/paged_kv_cache.rs:1236:13
     |
1236 |         let mut paged = PagedKvCache::new(
     |             ----^^^^^
     |             |
     |             help: remove this `mut`

warning: variable does not need to be mutable
    --> crates/kiln-model/src/paged_kv_cache.rs:1318:13
     |
1318 |         let mut cache = PagedKvCache::new(3, 2, 4, 1, 2, DType::F32, &device)?;
     |             ----^^^^^
     |             |
     |             help: remove this `mut`

warning: variable does not need to be mutable
    --> crates/kiln-model/src/paged_kv_cache.rs:1359:13
     |
1359 |         let mut cache = PagedKvCache::new_with_fp8(
     |             ----^^^^^
     |             |
     |             help: remove this `mut`

warning: unused variable: `v_out`
    --> crates/kiln-model/src/paged_kv_cache.rs:1407:21
     |
1407 |         let (k_out, v_out) = cache.read(0, &bt, 3)?;
     |                     ^^^^^ help: if this is intentional, prefix it with an underscore: `_v_out`
     |
     = note: `#[warn(unused_variables)]` (part of `#[warn(unused)]`) on by default

warning: variable does not need to be mutable
    --> crates/kiln-model/src/paged_kv_cache.rs:1429:13
     |
1429 |         let mut cache = PagedKvCache::new_with_fp8(1, 2, 4, 2, 3, DType::F32, &device, true)?;
     |             ----^^^^^
     |             |
     |             help: remove this `mut`

warning: unused variable: `in_features`
   --> crates/kiln-model/src/quantized.rs:377:13
    |
377 |         let in_features = 8;
    |             ^^^^^^^^^^^ help: if this is intentional, prefix it with an underscore: `_in_features`

warning: unused variable: `out_features`
   --> crates/kiln-model/src/quantized.rs:378:13
    |
378 |         let out_features = 1;
    |             ^^^^^^^^^^^^ help: if this is intentional, prefix it with an underscore: `_out_features`

warning: function `compute_chunk_body_reference` is never used
    --> crates/kiln-model/src/forward.rs:3632:4
     |
3632 | fn compute_chunk_body_reference(
     |    ^^^^^^^^^^^^^^^^^^^^^^^^^^^^
     |
     = note: `#[warn(dead_code)]` (part of `#[warn(unused)]`) on by default

warning: function `model_forward_paged_with_graph_inputs` is never used
    --> crates/kiln-model/src/forward.rs:8524:15
     |
8524 | pub(crate) fn model_forward_paged_with_graph_inputs(
     |               ^^^^^^^^^^^^^^^^^^^^^^^^^^^^^^^^^^^^^

warning: function `create_safetensors_with_data` is never used
    --> crates/kiln-model/src/loader.rs:1893:8
     |
1893 |     fn create_safetensors_with_data(tensors: &[(&str, Vec<usize>, StDtype, Vec<u8>)]) -> Vec<u8> {
     |        ^^^^^^^^^^^^^^^^^^^^^^^^^^^^

warning: function `pack_int4` is never used
    --> crates/kiln-model/src/loader.rs:1913:8
     |
1913 |     fn pack_int4(values: &[u8]) -> Vec<u8> {
     |        ^^^^^^^^^

warning: function `gptq_linear_tensors` is never used
    --> crates/kiln-model/src/loader.rs:1927:8
     |
1927 |     fn gptq_linear_tensors(
     |        ^^^^^^^^^^^^^^^^^^^

warning: field `fp8_scales` is never read
  --> crates/kiln-model/src/paged_kv_cache.rs:37:5
   |
25 | pub struct PagedKvCache {
   |            ------------ field in this struct
...
37 |     fp8_scales: Vec<(f32, f32)>,
   |     ^^^^^^^^^^

warning: `kiln-model` (lib test) generated 22 warnings (run `cargo fix --lib -p kiln-model --tests` to apply 16 suggestions)
    Finished `test` profile [unoptimized + debuginfo] target(s) in 0.13s
     Running unittests src/lib.rs (target/debug/deps/kiln_model-8ab5b66e9ef10c0c)

running 1 test
metal_lora_delta_add_bench label=mlp_gate_or_up batch=1 input_dim=2560 output_dim=9216 rank=1 iters=20 fused_us=136.446 fallback_us=557.935 speedup=4.089 max_abs_diff=0e0 mean_abs_diff=0e0
metal_lora_delta_add_bench label=down_proj batch=1 input_dim=9216 output_dim=2560 rank=1 iters=20 fused_us=240.473 fallback_us=754.783 speedup=3.139 max_abs_diff=0e0 mean_abs_diff=0e0
metal_lora_delta_add_bench label=mlp_gate_or_up batch=2 input_dim=2560 output_dim=9216 rank=1 iters=20 fused_us=143.423 fallback_us=531.798 speedup=3.708 max_abs_diff=0e0 mean_abs_diff=0e0
metal_lora_delta_add_bench label=down_proj batch=2 input_dim=9216 output_dim=2560 rank=1 iters=20 fused_us=174.058 fallback_us=749.135 speedup=4.304 max_abs_diff=0e0 mean_abs_diff=0e0
metal_lora_delta_add_bench label=mlp_gate_or_up batch=4 input_dim=2560 output_dim=9216 rank=1 iters=20 fused_us=149.994 fallback_us=529.290 speedup=3.529 max_abs_diff=0e0 mean_abs_diff=0e0
metal_lora_delta_add_bench label=down_proj batch=4 input_dim=9216 output_dim=2560 rank=1 iters=20 fused_us=178.467 fallback_us=987.819 speedup=5.535 max_abs_diff=0e0 mean_abs_diff=0e0
metal_lora_delta_add_bench label=mlp_gate_or_up batch=8 input_dim=2560 output_dim=9216 rank=1 iters=20 fused_us=285.140 fallback_us=643.087 speedup=2.255 max_abs_diff=0e0 mean_abs_diff=0e0
metal_lora_delta_add_bench label=down_proj batch=8 input_dim=9216 output_dim=2560 rank=1 iters=20 fused_us=192.144 fallback_us=1004.908 speedup=5.230 max_abs_diff=0e0 mean_abs_diff=0e0
metal_lora_delta_add_bench label=mlp_gate_or_up batch=1 input_dim=2560 output_dim=9216 rank=2 iters=20 fused_us=152.719 fallback_us=457.596 speedup=2.996 max_abs_diff=0e0 mean_abs_diff=0e0
metal_lora_delta_add_bench label=down_proj batch=1 input_dim=9216 output_dim=2560 rank=2 iters=20 fused_us=199.625 fallback_us=1016.737 speedup=5.093 max_abs_diff=0e0 mean_abs_diff=0e0
metal_lora_delta_add_bench label=mlp_gate_or_up batch=2 input_dim=2560 output_dim=9216 rank=2 iters=20 fused_us=159.915 fallback_us=613.487 speedup=3.836 max_abs_diff=0e0 mean_abs_diff=0e0
metal_lora_delta_add_bench label=down_proj batch=2 input_dim=9216 output_dim=2560 rank=2 iters=20 fused_us=193.740 fallback_us=1044.715 speedup=5.392 max_abs_diff=0e0 mean_abs_diff=0e0
metal_lora_delta_add_bench label=mlp_gate_or_up batch=4 input_dim=2560 output_dim=9216 rank=2 iters=20 fused_us=154.700 fallback_us=602.185 speedup=3.893 max_abs_diff=0e0 mean_abs_diff=0e0
metal_lora_delta_add_bench label=down_proj batch=4 input_dim=9216 output_dim=2560 rank=2 iters=20 fused_us=192.677 fallback_us=1143.708 speedup=5.936 max_abs_diff=0e0 mean_abs_diff=0e0
metal_lora_delta_add_bench label=mlp_gate_or_up batch=8 input_dim=2560 output_dim=9216 rank=2 iters=20 fused_us=156.735 fallback_us=773.025 speedup=4.932 max_abs_diff=0e0 mean_abs_diff=0e0
metal_lora_delta_add_bench label=down_proj batch=8 input_dim=9216 output_dim=2560 rank=2 iters=20 fused_us=179.546 fallback_us=1046.504 speedup=5.829 max_abs_diff=0e0 mean_abs_diff=0e0
metal_lora_delta_add_bench label=mlp_gate_or_up batch=1 input_dim=2560 output_dim=9216 rank=4 iters=20 fused_us=149.140 fallback_us=439.058 speedup=2.944 max_abs_diff=0e0 mean_abs_diff=0e0
metal_lora_delta_add_bench label=down_proj batch=1 input_dim=9216 output_dim=2560 rank=4 iters=20 fused_us=164.904 fallback_us=643.413 speedup=3.902 max_abs_diff=0e0 mean_abs_diff=0e0
metal_lora_delta_add_bench label=mlp_gate_or_up batch=2 input_dim=2560 output_dim=9216 rank=4 iters=20 fused_us=139.665 fallback_us=532.487 speedup=3.813 max_abs_diff=0e0 mean_abs_diff=0e0
metal_lora_delta_add_bench label=down_proj batch=2 input_dim=9216 output_dim=2560 rank=4 iters=20 fused_us=165.123 fallback_us=789.029 speedup=4.778 max_abs_diff=0e0 mean_abs_diff=0e0
metal_lora_delta_add_bench label=mlp_gate_or_up batch=4 input_dim=2560 output_dim=9216 rank=4 iters=20 fused_us=143.427 fallback_us=547.290 speedup=3.816 max_abs_diff=0e0 mean_abs_diff=0e0
metal_lora_delta_add_bench label=down_proj batch=4 input_dim=9216 output_dim=2560 rank=4 iters=20 fused_us=168.240 fallback_us=940.288 speedup=5.589 max_abs_diff=0e0 mean_abs_diff=0e0
metal_lora_delta_add_bench label=mlp_gate_or_up batch=8 input_dim=2560 output_dim=9216 rank=4 iters=20 fused_us=146.558 fallback_us=827.069 speedup=5.643 max_abs_diff=0e0 mean_abs_diff=0e0
metal_lora_delta_add_bench label=down_proj batch=8 input_dim=9216 output_dim=2560 rank=4 iters=20 fused_us=167.350 fallback_us=1167.117 speedup=6.974 max_abs_diff=0e0 mean_abs_diff=0e0
metal_lora_delta_add_bench label=mlp_gate_or_up batch=1 input_dim=2560 output_dim=9216 rank=8 iters=20 fused_us=148.054 fallback_us=445.002 speedup=3.006 max_abs_diff=0e0 mean_abs_diff=0e0
metal_lora_delta_add_bench label=down_proj batch=1 input_dim=9216 output_dim=2560 rank=8 iters=20 fused_us=140.075 fallback_us=720.352 speedup=5.143 max_abs_diff=0e0 mean_abs_diff=0e0
metal_lora_delta_add_bench label=mlp_gate_or_up batch=2 input_dim=2560 output_dim=9216 rank=8 iters=20 fused_us=142.765 fallback_us=484.860 speedup=3.396 max_abs_diff=0e0 mean_abs_diff=0e0
metal_lora_delta_add_bench label=down_proj batch=2 input_dim=9216 output_dim=2560 rank=8 iters=20 fused_us=169.719 fallback_us=808.106 speedup=4.761 max_abs_diff=0e0 mean_abs_diff=0e0
metal_lora_delta_add_bench label=mlp_gate_or_up batch=4 input_dim=2560 output_dim=9216 rank=8 iters=20 fused_us=141.390 fallback_us=718.640 speedup=5.083 max_abs_diff=0e0 mean_abs_diff=0e0
metal_lora_delta_add_bench label=down_proj batch=4 input_dim=9216 output_dim=2560 rank=8 iters=20 fused_us=168.069 fallback_us=1130.246 speedup=6.725 max_abs_diff=0e0 mean_abs_diff=0e0
metal_lora_delta_add_bench label=mlp_gate_or_up batch=8 input_dim=2560 output_dim=9216 rank=8 iters=20 fused_us=147.885 fallback_us=1286.306 speedup=8.698 max_abs_diff=0e0 mean_abs_diff=0e0
metal_lora_delta_add_bench label=down_proj batch=8 input_dim=9216 output_dim=2560 rank=8 iters=20 fused_us=173.515 fallback_us=1853.725 speedup=10.683 max_abs_diff=0e0 mean_abs_diff=0e0
metal_lora_delta_add_bench label=mlp_gate_or_up batch=1 input_dim=2560 output_dim=9216 rank=16 iters=20 fused_us=152.387 fallback_us=493.317 speedup=3.237 max_abs_diff=0e0 mean_abs_diff=0e0
metal_lora_delta_add_bench label=down_proj batch=1 input_dim=9216 output_dim=2560 rank=16 iters=20 fused_us=247.206 fallback_us=782.625 speedup=3.166 max_abs_diff=0e0 mean_abs_diff=0e0
metal_lora_delta_add_bench label=mlp_gate_or_up batch=2 input_dim=2560 output_dim=9216 rank=16 iters=20 fused_us=150.127 fallback_us=625.921 speedup=4.169 max_abs_diff=0e0 mean_abs_diff=0e0
metal_lora_delta_add_bench label=down_proj batch=2 input_dim=9216 output_dim=2560 rank=16 iters=20 fused_us=169.410 fallback_us=1073.396 speedup=6.336 max_abs_diff=0e0 mean_abs_diff=0e0
metal_lora_delta_add_bench label=mlp_gate_or_up batch=4 input_dim=2560 output_dim=9216 rank=16 iters=20 fused_us=236.898 fallback_us=1076.617 speedup=4.545 max_abs_diff=0e0 mean_abs_diff=0e0
metal_lora_delta_add_bench label=down_proj batch=4 input_dim=9216 output_dim=2560 rank=16 iters=20 fused_us=184.642 fallback_us=1730.623 speedup=9.373 max_abs_diff=0e0 mean_abs_diff=0e0
metal_lora_delta_add_bench label=mlp_gate_or_up batch=8 input_dim=2560 output_dim=9216 rank=16 iters=20 fused_us=168.373 fallback_us=2159.598 speedup=12.826 max_abs_diff=0e0 mean_abs_diff=0e0
metal_lora_delta_add_bench label=down_proj batch=8 input_dim=9216 output_dim=2560 rank=16 iters=20 fused_us=203.071 fallback_us=3123.938 speedup=15.383 max_abs_diff=0e0 mean_abs_diff=0e0
test backend::metal::tests::bench_lora_decode_add_qwen35_synthetic ... ok

test result: ok. 1 passed; 0 failed; 0 ignored; 0 measured; 367 filtered out; finished in 2.89s

