warning: variable does not need to be mutable
   --> crates/kiln-model/src/paged_kv_cache.rs:797:13
    |
797 |         let mut cache = PagedKvCache::new(
    |             ----^^^^^
    |             |
    |             help: remove this `mut`
    |
    = note: `#[warn(unused_mut)]` (part of `#[warn(unused)]`) on by default

warning: variable does not need to be mutable
   --> crates/kiln-model/src/paged_kv_cache.rs:867:13
    |
867 |         let mut cache = PagedKvCache::new(1, 4, 4, 2, 3, DType::F32, &device)?;
    |             ----^^^^^
    |             |
    |             help: remove this `mut`

warning: variable does not need to be mutable
   --> crates/kiln-model/src/paged_kv_cache.rs:907:13
    |
907 |         let mut cache = PagedKvCache::new(1, 8, 4, heads, head_dim, DType::F32, &device)?;
    |             ----^^^^^
    |             |
    |             help: remove this `mut`

warning: variable does not need to be mutable
   --> crates/kiln-model/src/paged_kv_cache.rs:961:13
    |
961 |         let mut cache = PagedKvCache::new(1, 8, 4, heads, head_dim, DType::BF16, &device)?;
    |             ----^^^^^
    |             |
    |             help: remove this `mut`

warning: variable does not need to be mutable
    --> crates/kiln-model/src/paged_kv_cache.rs:1016:13
     |
1016 |         let mut cache = PagedKvCache::new_uninit(1, 4, 4, 1, 2, DType::F32, &device)?;
     |             ----^^^^^
     |             |
     |             help: remove this `mut`

warning: variable does not need to be mutable
    --> crates/kiln-model/src/paged_kv_cache.rs:1066:13
     |
1066 |         let mut cache = PagedKvCache::new(
     |             ----^^^^^
     |             |
     |             help: remove this `mut`

warning: variable does not need to be mutable
    --> crates/kiln-model/src/paged_kv_cache.rs:1125:13
     |
1125 |         let mut cache = PagedKvCache::new(
     |             ----^^^^^
     |             |
     |             help: remove this `mut`

warning: variable does not need to be mutable
    --> crates/kiln-model/src/paged_kv_cache.rs:1163:13
     |
1163 |         let mut cache = PagedKvCache::new(
     |             ----^^^^^
     |             |
     |             help: remove this `mut`

warning: variable does not need to be mutable
    --> crates/kiln-model/src/paged_kv_cache.rs:1202:13
     |
1202 |         let mut cache = PagedKvCache::new(1, 2, 4, 2, 3, DType::F32, &device)?;
     |             ----^^^^^
     |             |
     |             help: remove this `mut`

warning: variable does not need to be mutable
    --> crates/kiln-model/src/paged_kv_cache.rs:1236:13
     |
1236 |         let mut paged = PagedKvCache::new(
     |             ----^^^^^
     |             |
     |             help: remove this `mut`

warning: variable does not need to be mutable
    --> crates/kiln-model/src/paged_kv_cache.rs:1318:13
     |
1318 |         let mut cache = PagedKvCache::new(3, 2, 4, 1, 2, DType::F32, &device)?;
     |             ----^^^^^
     |             |
     |             help: remove this `mut`

warning: variable does not need to be mutable
    --> crates/kiln-model/src/paged_kv_cache.rs:1359:13
     |
1359 |         let mut cache = PagedKvCache::new_with_fp8(
     |             ----^^^^^
     |             |
     |             help: remove this `mut`

warning: unused variable: `v_out`
    --> crates/kiln-model/src/paged_kv_cache.rs:1407:21
     |
1407 |         let (k_out, v_out) = cache.read(0, &bt, 3)?;
     |                     ^^^^^ help: if this is intentional, prefix it with an underscore: `_v_out`
     |
     = note: `#[warn(unused_variables)]` (part of `#[warn(unused)]`) on by default

warning: variable does not need to be mutable
    --> crates/kiln-model/src/paged_kv_cache.rs:1429:13
     |
1429 |         let mut cache = PagedKvCache::new_with_fp8(1, 2, 4, 2, 3, DType::F32, &device, true)?;
     |             ----^^^^^
     |             |
     |             help: remove this `mut`

warning: unused variable: `in_features`
   --> crates/kiln-model/src/quantized.rs:377:13
    |
377 |         let in_features = 8;
    |             ^^^^^^^^^^^ help: if this is intentional, prefix it with an underscore: `_in_features`

warning: unused variable: `out_features`
   --> crates/kiln-model/src/quantized.rs:378:13
    |
378 |         let out_features = 1;
    |             ^^^^^^^^^^^^ help: if this is intentional, prefix it with an underscore: `_out_features`

warning: function `compute_chunk_body_reference` is never used
    --> crates/kiln-model/src/forward.rs:3632:4
     |
3632 | fn compute_chunk_body_reference(
     |    ^^^^^^^^^^^^^^^^^^^^^^^^^^^^
     |
     = note: `#[warn(dead_code)]` (part of `#[warn(unused)]`) on by default

warning: function `model_forward_paged_with_graph_inputs` is never used
    --> crates/kiln-model/src/forward.rs:8524:15
     |
8524 | pub(crate) fn model_forward_paged_with_graph_inputs(
     |               ^^^^^^^^^^^^^^^^^^^^^^^^^^^^^^^^^^^^^

warning: function `create_safetensors_with_data` is never used
    --> crates/kiln-model/src/loader.rs:1893:8
     |
1893 |     fn create_safetensors_with_data(tensors: &[(&str, Vec<usize>, StDtype, Vec<u8>)]) -> Vec<u8> {
     |        ^^^^^^^^^^^^^^^^^^^^^^^^^^^^

warning: function `pack_int4` is never used
    --> crates/kiln-model/src/loader.rs:1913:8
     |
1913 |     fn pack_int4(values: &[u8]) -> Vec<u8> {
     |        ^^^^^^^^^

warning: function `gptq_linear_tensors` is never used
    --> crates/kiln-model/src/loader.rs:1927:8
     |
1927 |     fn gptq_linear_tensors(
     |        ^^^^^^^^^^^^^^^^^^^

warning: field `fp8_scales` is never read
  --> crates/kiln-model/src/paged_kv_cache.rs:37:5
   |
25 | pub struct PagedKvCache {
   |            ------------ field in this struct
...
37 |     fp8_scales: Vec<(f32, f32)>,
   |     ^^^^^^^^^^

warning: `kiln-model` (lib test) generated 22 warnings (run `cargo fix --lib -p kiln-model --tests` to apply 16 suggestions)
    Finished `test` profile [unoptimized + debuginfo] target(s) in 0.13s
     Running unittests src/lib.rs (target/debug/deps/kiln_model-8ab5b66e9ef10c0c)

running 1 test
metal_lora_delta_add_bench label=mlp_gate_or_up batch=1 input_dim=2560 output_dim=9216 rank=1 iters=20 fused_us=143.169 fallback_us=553.215 speedup=3.864 max_abs_diff=0e0 mean_abs_diff=0e0
metal_lora_delta_add_bench label=down_proj batch=1 input_dim=9216 output_dim=2560 rank=1 iters=20 fused_us=242.119 fallback_us=749.831 speedup=3.097 max_abs_diff=0e0 mean_abs_diff=0e0
metal_lora_delta_add_bench label=mlp_gate_or_up batch=4 input_dim=2560 output_dim=9216 rank=1 iters=20 fused_us=187.946 fallback_us=448.306 speedup=2.385 max_abs_diff=0e0 mean_abs_diff=0e0
metal_lora_delta_add_bench label=down_proj batch=4 input_dim=9216 output_dim=2560 rank=1 iters=20 fused_us=166.721 fallback_us=734.860 speedup=4.408 max_abs_diff=0e0 mean_abs_diff=0e0
metal_lora_delta_add_bench label=mlp_gate_or_up batch=8 input_dim=2560 output_dim=9216 rank=1 iters=20 fused_us=140.583 fallback_us=482.367 speedup=3.431 max_abs_diff=0e0 mean_abs_diff=0e0
metal_lora_delta_add_bench label=down_proj batch=8 input_dim=9216 output_dim=2560 rank=1 iters=20 fused_us=175.123 fallback_us=694.788 speedup=3.967 max_abs_diff=0e0 mean_abs_diff=0e0
metal_lora_delta_add_bench label=mlp_gate_or_up batch=1 input_dim=2560 output_dim=9216 rank=2 iters=20 fused_us=137.621 fallback_us=413.852 speedup=3.007 max_abs_diff=0e0 mean_abs_diff=0e0
metal_lora_delta_add_bench label=down_proj batch=1 input_dim=9216 output_dim=2560 rank=2 iters=20 fused_us=173.929 fallback_us=807.527 speedup=4.643 max_abs_diff=0e0 mean_abs_diff=0e0
metal_lora_delta_add_bench label=mlp_gate_or_up batch=4 input_dim=2560 output_dim=9216 rank=2 iters=20 fused_us=145.188 fallback_us=518.629 speedup=3.572 max_abs_diff=0e0 mean_abs_diff=0e0
metal_lora_delta_add_bench label=down_proj batch=4 input_dim=9216 output_dim=2560 rank=2 iters=20 fused_us=170.050 fallback_us=970.844 speedup=5.709 max_abs_diff=0e0 mean_abs_diff=0e0
metal_lora_delta_add_bench label=mlp_gate_or_up batch=8 input_dim=2560 output_dim=9216 rank=2 iters=20 fused_us=158.525 fallback_us=629.717 speedup=3.972 max_abs_diff=0e0 mean_abs_diff=0e0
metal_lora_delta_add_bench label=down_proj batch=8 input_dim=9216 output_dim=2560 rank=2 iters=20 fused_us=169.208 fallback_us=945.985 speedup=5.591 max_abs_diff=0e0 mean_abs_diff=0e0
metal_lora_delta_add_bench label=mlp_gate_or_up batch=1 input_dim=2560 output_dim=9216 rank=4 iters=20 fused_us=148.065 fallback_us=469.250 speedup=3.169 max_abs_diff=0e0 mean_abs_diff=0e0
metal_lora_delta_add_bench label=down_proj batch=1 input_dim=9216 output_dim=2560 rank=4 iters=20 fused_us=166.002 fallback_us=658.510 speedup=3.967 max_abs_diff=0e0 mean_abs_diff=0e0
metal_lora_delta_add_bench label=mlp_gate_or_up batch=4 input_dim=2560 output_dim=9216 rank=4 iters=20 fused_us=134.367 fallback_us=516.967 speedup=3.847 max_abs_diff=0e0 mean_abs_diff=0e0
metal_lora_delta_add_bench label=down_proj batch=4 input_dim=9216 output_dim=2560 rank=4 iters=20 fused_us=164.092 fallback_us=859.629 speedup=5.239 max_abs_diff=0e0 mean_abs_diff=0e0
metal_lora_delta_add_bench label=mlp_gate_or_up batch=8 input_dim=2560 output_dim=9216 rank=4 iters=20 fused_us=161.227 fallback_us=889.452 speedup=5.517 max_abs_diff=0e0 mean_abs_diff=0e0
metal_lora_delta_add_bench label=down_proj batch=8 input_dim=9216 output_dim=2560 rank=4 iters=20 fused_us=176.312 fallback_us=1161.369 speedup=6.587 max_abs_diff=0e0 mean_abs_diff=0e0
metal_lora_delta_add_bench label=mlp_gate_or_up batch=1 input_dim=2560 output_dim=9216 rank=8 iters=20 fused_us=147.290 fallback_us=453.923 speedup=3.082 max_abs_diff=0e0 mean_abs_diff=0e0
metal_lora_delta_add_bench label=down_proj batch=1 input_dim=9216 output_dim=2560 rank=8 iters=20 fused_us=166.444 fallback_us=724.408 speedup=4.352 max_abs_diff=0e0 mean_abs_diff=0e0
metal_lora_delta_add_bench label=mlp_gate_or_up batch=4 input_dim=2560 output_dim=9216 rank=8 iters=20 fused_us=152.494 fallback_us=726.958 speedup=4.767 max_abs_diff=0e0 mean_abs_diff=0e0
metal_lora_delta_add_bench label=down_proj batch=4 input_dim=9216 output_dim=2560 rank=8 iters=20 fused_us=171.704 fallback_us=1218.958 speedup=7.099 max_abs_diff=0e0 mean_abs_diff=0e0
metal_lora_delta_add_bench label=mlp_gate_or_up batch=8 input_dim=2560 output_dim=9216 rank=8 iters=20 fused_us=165.558 fallback_us=1281.090 speedup=7.738 max_abs_diff=0e0 mean_abs_diff=0e0
metal_lora_delta_add_bench label=down_proj batch=8 input_dim=9216 output_dim=2560 rank=8 iters=20 fused_us=178.250 fallback_us=1883.992 speedup=10.569 max_abs_diff=0e0 mean_abs_diff=0e0
metal_lora_delta_add_bench label=mlp_gate_or_up batch=1 input_dim=2560 output_dim=9216 rank=16 iters=20 fused_us=167.929 fallback_us=602.373 speedup=3.587 max_abs_diff=0e0 mean_abs_diff=0e0
metal_lora_delta_add_bench label=down_proj batch=1 input_dim=9216 output_dim=2560 rank=16 iters=20 fused_us=178.777 fallback_us=872.350 speedup=4.880 max_abs_diff=0e0 mean_abs_diff=0e0
metal_lora_delta_add_bench label=mlp_gate_or_up batch=4 input_dim=2560 output_dim=9216 rank=16 iters=20 fused_us=184.519 fallback_us=1153.106 speedup=6.249 max_abs_diff=0e0 mean_abs_diff=0e0
metal_lora_delta_add_bench label=down_proj batch=4 input_dim=9216 output_dim=2560 rank=16 iters=20 fused_us=185.040 fallback_us=1763.665 speedup=9.531 max_abs_diff=0e0 mean_abs_diff=0e0
metal_lora_delta_add_bench label=mlp_gate_or_up batch=8 input_dim=2560 output_dim=9216 rank=16 iters=20 fused_us=239.185 fallback_us=2187.860 speedup=9.147 max_abs_diff=0e0 mean_abs_diff=0e0
metal_lora_delta_add_bench label=down_proj batch=8 input_dim=9216 output_dim=2560 rank=16 iters=20 fused_us=234.827 fallback_us=3128.883 speedup=13.324 max_abs_diff=0e0 mean_abs_diff=0e0
test backend::metal::tests::bench_lora_decode_add_qwen35_synthetic ... ok

test result: ok. 1 passed; 0 failed; 0 ignored; 0 measured; 367 filtered out; finished in 2.58s

