warning: variable does not need to be mutable
   --> crates/kiln-model/src/paged_kv_cache.rs:797:13
    |
797 |         let mut cache = PagedKvCache::new(
    |             ----^^^^^
    |             |
    |             help: remove this `mut`
    |
    = note: `#[warn(unused_mut)]` (part of `#[warn(unused)]`) on by default

warning: variable does not need to be mutable
   --> crates/kiln-model/src/paged_kv_cache.rs:867:13
    |
867 |         let mut cache = PagedKvCache::new(1, 4, 4, 2, 3, DType::F32, &device)?;
    |             ----^^^^^
    |             |
    |             help: remove this `mut`

warning: variable does not need to be mutable
   --> crates/kiln-model/src/paged_kv_cache.rs:907:13
    |
907 |         let mut cache = PagedKvCache::new(1, 8, 4, heads, head_dim, DType::F32, &device)?;
    |             ----^^^^^
    |             |
    |             help: remove this `mut`

warning: variable does not need to be mutable
   --> crates/kiln-model/src/paged_kv_cache.rs:961:13
    |
961 |         let mut cache = PagedKvCache::new(1, 8, 4, heads, head_dim, DType::BF16, &device)?;
    |             ----^^^^^
    |             |
    |             help: remove this `mut`

warning: variable does not need to be mutable
    --> crates/kiln-model/src/paged_kv_cache.rs:1016:13
     |
1016 |         let mut cache = PagedKvCache::new_uninit(1, 4, 4, 1, 2, DType::F32, &device)?;
     |             ----^^^^^
     |             |
     |             help: remove this `mut`

warning: variable does not need to be mutable
    --> crates/kiln-model/src/paged_kv_cache.rs:1066:13
     |
1066 |         let mut cache = PagedKvCache::new(
     |             ----^^^^^
     |             |
     |             help: remove this `mut`

warning: variable does not need to be mutable
    --> crates/kiln-model/src/paged_kv_cache.rs:1125:13
     |
1125 |         let mut cache = PagedKvCache::new(
     |             ----^^^^^
     |             |
     |             help: remove this `mut`

warning: variable does not need to be mutable
    --> crates/kiln-model/src/paged_kv_cache.rs:1163:13
     |
1163 |         let mut cache = PagedKvCache::new(
     |             ----^^^^^
     |             |
     |             help: remove this `mut`

warning: variable does not need to be mutable
    --> crates/kiln-model/src/paged_kv_cache.rs:1202:13
     |
1202 |         let mut cache = PagedKvCache::new(1, 2, 4, 2, 3, DType::F32, &device)?;
     |             ----^^^^^
     |             |
     |             help: remove this `mut`

warning: variable does not need to be mutable
    --> crates/kiln-model/src/paged_kv_cache.rs:1236:13
     |
1236 |         let mut paged = PagedKvCache::new(
     |             ----^^^^^
     |             |
     |             help: remove this `mut`

warning: variable does not need to be mutable
    --> crates/kiln-model/src/paged_kv_cache.rs:1318:13
     |
1318 |         let mut cache = PagedKvCache::new(3, 2, 4, 1, 2, DType::F32, &device)?;
     |             ----^^^^^
     |             |
     |             help: remove this `mut`

warning: variable does not need to be mutable
    --> crates/kiln-model/src/paged_kv_cache.rs:1359:13
     |
1359 |         let mut cache = PagedKvCache::new_with_fp8(
     |             ----^^^^^
     |             |
     |             help: remove this `mut`

warning: unused variable: `v_out`
    --> crates/kiln-model/src/paged_kv_cache.rs:1407:21
     |
1407 |         let (k_out, v_out) = cache.read(0, &bt, 3)?;
     |                     ^^^^^ help: if this is intentional, prefix it with an underscore: `_v_out`
     |
     = note: `#[warn(unused_variables)]` (part of `#[warn(unused)]`) on by default

warning: variable does not need to be mutable
    --> crates/kiln-model/src/paged_kv_cache.rs:1429:13
     |
1429 |         let mut cache = PagedKvCache::new_with_fp8(1, 2, 4, 2, 3, DType::F32, &device, true)?;
     |             ----^^^^^
     |             |
     |             help: remove this `mut`

warning: unused variable: `in_features`
   --> crates/kiln-model/src/quantized.rs:377:13
    |
377 |         let in_features = 8;
    |             ^^^^^^^^^^^ help: if this is intentional, prefix it with an underscore: `_in_features`

warning: unused variable: `out_features`
   --> crates/kiln-model/src/quantized.rs:378:13
    |
378 |         let out_features = 1;
    |             ^^^^^^^^^^^^ help: if this is intentional, prefix it with an underscore: `_out_features`

warning: function `compute_chunk_body_reference` is never used
    --> crates/kiln-model/src/forward.rs:3675:4
     |
3675 | fn compute_chunk_body_reference(
     |    ^^^^^^^^^^^^^^^^^^^^^^^^^^^^
     |
     = note: `#[warn(dead_code)]` (part of `#[warn(unused)]`) on by default

warning: function `model_forward_paged_with_graph_inputs` is never used
    --> crates/kiln-model/src/forward.rs:8682:15
     |
8682 | pub(crate) fn model_forward_paged_with_graph_inputs(
     |               ^^^^^^^^^^^^^^^^^^^^^^^^^^^^^^^^^^^^^

warning: function `create_safetensors_with_data` is never used
    --> crates/kiln-model/src/loader.rs:1893:8
     |
1893 |     fn create_safetensors_with_data(tensors: &[(&str, Vec<usize>, StDtype, Vec<u8>)]) -> Vec<u8> {
     |        ^^^^^^^^^^^^^^^^^^^^^^^^^^^^

warning: function `pack_int4` is never used
    --> crates/kiln-model/src/loader.rs:1913:8
     |
1913 |     fn pack_int4(values: &[u8]) -> Vec<u8> {
     |        ^^^^^^^^^

warning: function `gptq_linear_tensors` is never used
    --> crates/kiln-model/src/loader.rs:1927:8
     |
1927 |     fn gptq_linear_tensors(
     |        ^^^^^^^^^^^^^^^^^^^

warning: field `fp8_scales` is never read
  --> crates/kiln-model/src/paged_kv_cache.rs:37:5
   |
25 | pub struct PagedKvCache {
   |            ------------ field in this struct
...
37 |     fp8_scales: Vec<(f32, f32)>,
   |     ^^^^^^^^^^

warning: `kiln-model` (lib test) generated 22 warnings (run `cargo fix --lib -p kiln-model --tests` to apply 16 suggestions)
    Finished `test` profile [unoptimized + debuginfo] target(s) in 0.13s
     Running unittests src/lib.rs (target/debug/deps/kiln_model-8ab5b66e9ef10c0c)

running 1 test
metal_lora_linear_bench label=q_proj batch=1 input_dim=2560 output_dim=8192 rank=1 iters=2 fast_ms=1.330 fallback_ms=3.933 speedup=2.957 max_abs_diff=0e0 mean_abs_diff=0e0
metal_lora_linear_bench label=k_or_v_proj batch=1 input_dim=2560 output_dim=1024 rank=1 iters=2 fast_ms=0.415 fallback_ms=1.247 speedup=3.003 max_abs_diff=0e0 mean_abs_diff=0e0
metal_lora_linear_bench label=q_proj batch=2 input_dim=2560 output_dim=8192 rank=1 iters=2 fast_ms=1.258 fallback_ms=54.065 speedup=42.989 max_abs_diff=0e0 mean_abs_diff=0e0
metal_lora_linear_bench label=k_or_v_proj batch=2 input_dim=2560 output_dim=1024 rank=1 iters=2 fast_ms=0.401 fallback_ms=7.447 speedup=18.571 max_abs_diff=0e0 mean_abs_diff=0e0
metal_lora_linear_bench label=q_proj batch=4 input_dim=2560 output_dim=8192 rank=1 iters=2 fast_ms=2.864 fallback_ms=119.290 speedup=41.649 max_abs_diff=0e0 mean_abs_diff=0e0
metal_lora_linear_bench label=k_or_v_proj batch=4 input_dim=2560 output_dim=1024 rank=1 iters=2 fast_ms=0.421 fallback_ms=15.540 speedup=36.907 max_abs_diff=0e0 mean_abs_diff=0e0
metal_lora_linear_bench label=q_proj batch=8 input_dim=2560 output_dim=8192 rank=1 iters=2 fast_ms=2.703 fallback_ms=263.305 speedup=97.403 max_abs_diff=0e0 mean_abs_diff=0e0
metal_lora_linear_bench label=k_or_v_proj batch=8 input_dim=2560 output_dim=1024 rank=1 iters=2 fast_ms=0.652 fallback_ms=33.575 speedup=51.525 max_abs_diff=0e0 mean_abs_diff=0e0
metal_lora_linear_bench label=q_proj batch=1 input_dim=2560 output_dim=8192 rank=2 iters=2 fast_ms=1.159 fallback_ms=2.862 speedup=2.469 max_abs_diff=0e0 mean_abs_diff=0e0
metal_lora_linear_bench label=k_or_v_proj batch=1 input_dim=2560 output_dim=1024 rank=2 iters=2 fast_ms=0.470 fallback_ms=1.218 speedup=2.591 max_abs_diff=0e0 mean_abs_diff=0e0
metal_lora_linear_bench label=q_proj batch=2 input_dim=2560 output_dim=8192 rank=2 iters=2 fast_ms=1.219 fallback_ms=54.946 speedup=45.073 max_abs_diff=0e0 mean_abs_diff=0e0
metal_lora_linear_bench label=k_or_v_proj batch=2 input_dim=2560 output_dim=1024 rank=2 iters=2 fast_ms=0.459 fallback_ms=7.515 speedup=16.363 max_abs_diff=0e0 mean_abs_diff=0e0
metal_lora_linear_bench label=q_proj batch=4 input_dim=2560 output_dim=8192 rank=2 iters=2 fast_ms=2.479 fallback_ms=120.671 speedup=48.668 max_abs_diff=0e0 mean_abs_diff=0e0
metal_lora_linear_bench label=k_or_v_proj batch=4 input_dim=2560 output_dim=1024 rank=2 iters=2 fast_ms=0.448 fallback_ms=15.615 speedup=34.877 max_abs_diff=0e0 mean_abs_diff=0e0
metal_lora_linear_bench label=q_proj batch=8 input_dim=2560 output_dim=8192 rank=2 iters=2 fast_ms=3.422 fallback_ms=264.655 speedup=77.336 max_abs_diff=0e0 mean_abs_diff=0e0
metal_lora_linear_bench label=k_or_v_proj batch=8 input_dim=2560 output_dim=1024 rank=2 iters=2 fast_ms=0.586 fallback_ms=33.674 speedup=57.498 max_abs_diff=0e0 mean_abs_diff=0e0
metal_lora_linear_bench label=q_proj batch=1 input_dim=2560 output_dim=8192 rank=4 iters=2 fast_ms=1.234 fallback_ms=4.073 speedup=3.300 max_abs_diff=0e0 mean_abs_diff=0e0
metal_lora_linear_bench label=k_or_v_proj batch=1 input_dim=2560 output_dim=1024 rank=4 iters=2 fast_ms=0.449 fallback_ms=1.514 speedup=3.373 max_abs_diff=0e0 mean_abs_diff=0e0
metal_lora_linear_bench label=q_proj batch=2 input_dim=2560 output_dim=8192 rank=4 iters=2 fast_ms=1.320 fallback_ms=54.070 speedup=40.958 max_abs_diff=0e0 mean_abs_diff=0e0
metal_lora_linear_bench label=k_or_v_proj batch=2 input_dim=2560 output_dim=1024 rank=4 iters=2 fast_ms=0.405 fallback_ms=7.715 speedup=19.055 max_abs_diff=0e0 mean_abs_diff=0e0
metal_lora_linear_bench label=q_proj batch=4 input_dim=2560 output_dim=8192 rank=4 iters=2 fast_ms=2.561 fallback_ms=121.378 speedup=47.392 max_abs_diff=0e0 mean_abs_diff=0e0
metal_lora_linear_bench label=k_or_v_proj batch=4 input_dim=2560 output_dim=1024 rank=4 iters=2 fast_ms=0.425 fallback_ms=15.561 speedup=36.657 max_abs_diff=0e0 mean_abs_diff=0e0
metal_lora_linear_bench label=q_proj batch=8 input_dim=2560 output_dim=8192 rank=4 iters=2 fast_ms=2.879 fallback_ms=263.557 speedup=91.543 max_abs_diff=0e0 mean_abs_diff=0e0
metal_lora_linear_bench label=k_or_v_proj batch=8 input_dim=2560 output_dim=1024 rank=4 iters=2 fast_ms=0.606 fallback_ms=33.509 speedup=55.311 max_abs_diff=0e0 mean_abs_diff=0e0
metal_lora_linear_bench label=q_proj batch=1 input_dim=2560 output_dim=8192 rank=8 iters=2 fast_ms=1.154 fallback_ms=3.375 speedup=2.926 max_abs_diff=0e0 mean_abs_diff=0e0
metal_lora_linear_bench label=k_or_v_proj batch=1 input_dim=2560 output_dim=1024 rank=8 iters=2 fast_ms=0.476 fallback_ms=1.540 speedup=3.233 max_abs_diff=0e0 mean_abs_diff=0e0
metal_lora_linear_bench label=q_proj batch=2 input_dim=2560 output_dim=8192 rank=8 iters=2 fast_ms=1.241 fallback_ms=53.644 speedup=43.226 max_abs_diff=0e0 mean_abs_diff=0e0
metal_lora_linear_bench label=k_or_v_proj batch=2 input_dim=2560 output_dim=1024 rank=8 iters=2 fast_ms=0.411 fallback_ms=7.577 speedup=18.424 max_abs_diff=0e0 mean_abs_diff=0e0
metal_lora_linear_bench label=q_proj batch=4 input_dim=2560 output_dim=8192 rank=8 iters=2 fast_ms=2.914 fallback_ms=121.739 speedup=41.775 max_abs_diff=0e0 mean_abs_diff=0e0
metal_lora_linear_bench label=k_or_v_proj batch=4 input_dim=2560 output_dim=1024 rank=8 iters=2 fast_ms=0.411 fallback_ms=15.796 speedup=38.390 max_abs_diff=0e0 mean_abs_diff=0e0
metal_lora_linear_bench label=q_proj batch=8 input_dim=2560 output_dim=8192 rank=8 iters=2 fast_ms=3.446 fallback_ms=262.022 speedup=76.045 max_abs_diff=0e0 mean_abs_diff=0e0
metal_lora_linear_bench label=k_or_v_proj batch=8 input_dim=2560 output_dim=1024 rank=8 iters=2 fast_ms=0.598 fallback_ms=33.826 speedup=56.581 max_abs_diff=0e0 mean_abs_diff=0e0
metal_lora_linear_bench label=q_proj batch=1 input_dim=2560 output_dim=8192 rank=16 iters=2 fast_ms=1.176 fallback_ms=3.970 speedup=3.375 max_abs_diff=0e0 mean_abs_diff=0e0
metal_lora_linear_bench label=k_or_v_proj batch=1 input_dim=2560 output_dim=1024 rank=16 iters=2 fast_ms=0.390 fallback_ms=1.534 speedup=3.936 max_abs_diff=0e0 mean_abs_diff=0e0
metal_lora_linear_bench label=q_proj batch=2 input_dim=2560 output_dim=8192 rank=16 iters=2 fast_ms=1.268 fallback_ms=54.262 speedup=42.799 max_abs_diff=0e0 mean_abs_diff=0e0
metal_lora_linear_bench label=k_or_v_proj batch=2 input_dim=2560 output_dim=1024 rank=16 iters=2 fast_ms=0.389 fallback_ms=7.521 speedup=19.353 max_abs_diff=0e0 mean_abs_diff=0e0
metal_lora_linear_bench label=q_proj batch=4 input_dim=2560 output_dim=8192 rank=16 iters=2 fast_ms=2.376 fallback_ms=120.839 speedup=50.859 max_abs_diff=0e0 mean_abs_diff=0e0
metal_lora_linear_bench label=k_or_v_proj batch=4 input_dim=2560 output_dim=1024 rank=16 iters=2 fast_ms=0.464 fallback_ms=15.858 speedup=34.149 max_abs_diff=0e0 mean_abs_diff=0e0
metal_lora_linear_bench label=q_proj batch=8 input_dim=2560 output_dim=8192 rank=16 iters=2 fast_ms=4.105 fallback_ms=263.870 speedup=64.278 max_abs_diff=0e0 mean_abs_diff=0e0
metal_lora_linear_bench label=k_or_v_proj batch=8 input_dim=2560 output_dim=1024 rank=16 iters=2 fast_ms=0.542 fallback_ms=33.852 speedup=62.449 max_abs_diff=0e0 mean_abs_diff=0e0
metal_lora_linear_bench label=q_proj batch=1 input_dim=2560 output_dim=8192 rank=32 iters=2 fast_ms=1.596 fallback_ms=4.731 speedup=2.964 max_abs_diff=0e0 mean_abs_diff=0e0
metal_lora_linear_bench label=k_or_v_proj batch=1 input_dim=2560 output_dim=1024 rank=32 iters=2 fast_ms=0.464 fallback_ms=1.686 speedup=3.630 max_abs_diff=0e0 mean_abs_diff=0e0
metal_lora_linear_bench label=q_proj batch=2 input_dim=2560 output_dim=8192 rank=32 iters=2 fast_ms=1.326 fallback_ms=55.591 speedup=41.937 max_abs_diff=0e0 mean_abs_diff=0e0
metal_lora_linear_bench label=k_or_v_proj batch=2 input_dim=2560 output_dim=1024 rank=32 iters=2 fast_ms=0.437 fallback_ms=7.709 speedup=17.637 max_abs_diff=0e0 mean_abs_diff=0e0
metal_lora_linear_bench label=q_proj batch=4 input_dim=2560 output_dim=8192 rank=32 iters=2 fast_ms=2.251 fallback_ms=121.240 speedup=53.854 max_abs_diff=0e0 mean_abs_diff=0e0
metal_lora_linear_bench label=k_or_v_proj batch=4 input_dim=2560 output_dim=1024 rank=32 iters=2 fast_ms=0.514 fallback_ms=16.167 speedup=31.467 max_abs_diff=0e0 mean_abs_diff=0e0
metal_lora_linear_bench label=q_proj batch=8 input_dim=2560 output_dim=8192 rank=32 iters=2 fast_ms=3.532 fallback_ms=265.679 speedup=75.217 max_abs_diff=0e0 mean_abs_diff=0e0
metal_lora_linear_bench label=k_or_v_proj batch=8 input_dim=2560 output_dim=1024 rank=32 iters=2 fast_ms=0.647 fallback_ms=34.677 speedup=53.603 max_abs_diff=0e0 mean_abs_diff=0e0
metal_lora_linear_bench label=q_proj batch=1 input_dim=2560 output_dim=8192 rank=64 iters=2 fast_ms=1.228 fallback_ms=3.340 speedup=2.721 max_abs_diff=0e0 mean_abs_diff=0e0
metal_lora_linear_bench label=k_or_v_proj batch=1 input_dim=2560 output_dim=1024 rank=64 iters=2 fast_ms=0.363 fallback_ms=1.612 speedup=4.447 max_abs_diff=0e0 mean_abs_diff=0e0
metal_lora_linear_bench label=q_proj batch=2 input_dim=2560 output_dim=8192 rank=64 iters=2 fast_ms=1.445 fallback_ms=55.575 speedup=38.465 max_abs_diff=0e0 mean_abs_diff=0e0
metal_lora_linear_bench label=k_or_v_proj batch=2 input_dim=2560 output_dim=1024 rank=64 iters=2 fast_ms=0.424 fallback_ms=8.084 speedup=19.071 max_abs_diff=0e0 mean_abs_diff=0e0
metal_lora_linear_bench label=q_proj batch=4 input_dim=2560 output_dim=8192 rank=64 iters=2 fast_ms=2.672 fallback_ms=122.684 speedup=45.920 max_abs_diff=0e0 mean_abs_diff=0e0
metal_lora_linear_bench label=k_or_v_proj batch=4 input_dim=2560 output_dim=1024 rank=64 iters=2 fast_ms=0.501 fallback_ms=16.799 speedup=33.563 max_abs_diff=0e0 mean_abs_diff=0e0
metal_lora_linear_bench label=q_proj batch=8 input_dim=2560 output_dim=8192 rank=64 iters=2 fast_ms=3.798 fallback_ms=269.118 speedup=70.866 max_abs_diff=0e0 mean_abs_diff=0e0
metal_lora_linear_bench label=k_or_v_proj batch=8 input_dim=2560 output_dim=1024 rank=64 iters=2 fast_ms=0.673 fallback_ms=37.220 speedup=55.316 max_abs_diff=0e0 mean_abs_diff=0e0
test forward::tests::bench_metal_linear_decode_lora_qwen35_qkv_synthetic ... ok

test result: ok. 1 passed; 0 failed; 0 ignored; 0 measured; 371 filtered out; finished in 26.69s

