warning: variable does not need to be mutable
   --> crates/kiln-model/src/paged_kv_cache.rs:797:13
    |
797 |         let mut cache = PagedKvCache::new(
    |             ----^^^^^
    |             |
    |             help: remove this `mut`
    |
    = note: `#[warn(unused_mut)]` (part of `#[warn(unused)]`) on by default

warning: variable does not need to be mutable
   --> crates/kiln-model/src/paged_kv_cache.rs:867:13
    |
867 |         let mut cache = PagedKvCache::new(1, 4, 4, 2, 3, DType::F32, &device)?;
    |             ----^^^^^
    |             |
    |             help: remove this `mut`

warning: variable does not need to be mutable
   --> crates/kiln-model/src/paged_kv_cache.rs:907:13
    |
907 |         let mut cache = PagedKvCache::new(1, 8, 4, heads, head_dim, DType::F32, &device)?;
    |             ----^^^^^
    |             |
    |             help: remove this `mut`

warning: variable does not need to be mutable
   --> crates/kiln-model/src/paged_kv_cache.rs:961:13
    |
961 |         let mut cache = PagedKvCache::new(1, 8, 4, heads, head_dim, DType::BF16, &device)?;
    |             ----^^^^^
    |             |
    |             help: remove this `mut`

warning: variable does not need to be mutable
    --> crates/kiln-model/src/paged_kv_cache.rs:1016:13
     |
1016 |         let mut cache = PagedKvCache::new_uninit(1, 4, 4, 1, 2, DType::F32, &device)?;
     |             ----^^^^^
     |             |
     |             help: remove this `mut`

warning: variable does not need to be mutable
    --> crates/kiln-model/src/paged_kv_cache.rs:1066:13
     |
1066 |         let mut cache = PagedKvCache::new(
     |             ----^^^^^
     |             |
     |             help: remove this `mut`

warning: variable does not need to be mutable
    --> crates/kiln-model/src/paged_kv_cache.rs:1125:13
     |
1125 |         let mut cache = PagedKvCache::new(
     |             ----^^^^^
     |             |
     |             help: remove this `mut`

warning: variable does not need to be mutable
    --> crates/kiln-model/src/paged_kv_cache.rs:1163:13
     |
1163 |         let mut cache = PagedKvCache::new(
     |             ----^^^^^
     |             |
     |             help: remove this `mut`

warning: variable does not need to be mutable
    --> crates/kiln-model/src/paged_kv_cache.rs:1202:13
     |
1202 |         let mut cache = PagedKvCache::new(1, 2, 4, 2, 3, DType::F32, &device)?;
     |             ----^^^^^
     |             |
     |             help: remove this `mut`

warning: variable does not need to be mutable
    --> crates/kiln-model/src/paged_kv_cache.rs:1236:13
     |
1236 |         let mut paged = PagedKvCache::new(
     |             ----^^^^^
     |             |
     |             help: remove this `mut`

warning: variable does not need to be mutable
    --> crates/kiln-model/src/paged_kv_cache.rs:1318:13
     |
1318 |         let mut cache = PagedKvCache::new(3, 2, 4, 1, 2, DType::F32, &device)?;
     |             ----^^^^^
     |             |
     |             help: remove this `mut`

warning: variable does not need to be mutable
    --> crates/kiln-model/src/paged_kv_cache.rs:1359:13
     |
1359 |         let mut cache = PagedKvCache::new_with_fp8(
     |             ----^^^^^
     |             |
     |             help: remove this `mut`

warning: unused variable: `v_out`
    --> crates/kiln-model/src/paged_kv_cache.rs:1407:21
     |
1407 |         let (k_out, v_out) = cache.read(0, &bt, 3)?;
     |                     ^^^^^ help: if this is intentional, prefix it with an underscore: `_v_out`
     |
     = note: `#[warn(unused_variables)]` (part of `#[warn(unused)]`) on by default

warning: variable does not need to be mutable
    --> crates/kiln-model/src/paged_kv_cache.rs:1429:13
     |
1429 |         let mut cache = PagedKvCache::new_with_fp8(1, 2, 4, 2, 3, DType::F32, &device, true)?;
     |             ----^^^^^
     |             |
     |             help: remove this `mut`

warning: unused variable: `in_features`
   --> crates/kiln-model/src/quantized.rs:377:13
    |
377 |         let in_features = 8;
    |             ^^^^^^^^^^^ help: if this is intentional, prefix it with an underscore: `_in_features`

warning: unused variable: `out_features`
   --> crates/kiln-model/src/quantized.rs:378:13
    |
378 |         let out_features = 1;
    |             ^^^^^^^^^^^^ help: if this is intentional, prefix it with an underscore: `_out_features`

warning: function `compute_chunk_body_reference` is never used
    --> crates/kiln-model/src/forward.rs:3675:4
     |
3675 | fn compute_chunk_body_reference(
     |    ^^^^^^^^^^^^^^^^^^^^^^^^^^^^
     |
     = note: `#[warn(dead_code)]` (part of `#[warn(unused)]`) on by default

warning: function `model_forward_paged_with_graph_inputs` is never used
    --> crates/kiln-model/src/forward.rs:8682:15
     |
8682 | pub(crate) fn model_forward_paged_with_graph_inputs(
     |               ^^^^^^^^^^^^^^^^^^^^^^^^^^^^^^^^^^^^^

warning: function `create_safetensors_with_data` is never used
    --> crates/kiln-model/src/loader.rs:1893:8
     |
1893 |     fn create_safetensors_with_data(tensors: &[(&str, Vec<usize>, StDtype, Vec<u8>)]) -> Vec<u8> {
     |        ^^^^^^^^^^^^^^^^^^^^^^^^^^^^

warning: function `pack_int4` is never used
    --> crates/kiln-model/src/loader.rs:1913:8
     |
1913 |     fn pack_int4(values: &[u8]) -> Vec<u8> {
     |        ^^^^^^^^^

warning: function `gptq_linear_tensors` is never used
    --> crates/kiln-model/src/loader.rs:1927:8
     |
1927 |     fn gptq_linear_tensors(
     |        ^^^^^^^^^^^^^^^^^^^

warning: field `fp8_scales` is never read
  --> crates/kiln-model/src/paged_kv_cache.rs:37:5
   |
25 | pub struct PagedKvCache {
   |            ------------ field in this struct
...
37 |     fp8_scales: Vec<(f32, f32)>,
   |     ^^^^^^^^^^

warning: `kiln-model` (lib test) generated 22 warnings (run `cargo fix --lib -p kiln-model --tests` to apply 16 suggestions)
    Finished `test` profile [unoptimized + debuginfo] target(s) in 0.13s
     Running unittests src/lib.rs (target/debug/deps/kiln_model-8ab5b66e9ef10c0c)

running 1 test
metal_lora_linear_bench label=mlp_gate_or_up batch=1 input_dim=2560 output_dim=9216 rank=1 iters=2 fast_ms=1.351 fallback_ms=3.273 speedup=2.423 max_abs_diff=0e0 mean_abs_diff=0e0
metal_lora_linear_bench label=down_proj batch=1 input_dim=9216 output_dim=2560 rank=1 iters=2 fast_ms=1.217 fallback_ms=3.481 speedup=2.861 max_abs_diff=1.5625e-2 mean_abs_diff=6.1035156e-5
metal_lora_linear_bench label=mlp_gate_or_up batch=2 input_dim=2560 output_dim=9216 rank=1 iters=2 fast_ms=1.432 fallback_ms=62.484 speedup=43.624 max_abs_diff=0e0 mean_abs_diff=0e0
metal_lora_linear_bench label=down_proj batch=2 input_dim=9216 output_dim=2560 rank=1 iters=2 fast_ms=1.579 fallback_ms=67.257 speedup=42.606 max_abs_diff=1.5625e-2 mean_abs_diff=3.0517578e-5
metal_lora_linear_bench label=mlp_gate_or_up batch=4 input_dim=2560 output_dim=9216 rank=1 iters=2 fast_ms=2.430 fallback_ms=136.664 speedup=56.232 max_abs_diff=0e0 mean_abs_diff=0e0
metal_lora_linear_bench label=down_proj batch=4 input_dim=9216 output_dim=2560 rank=1 iters=2 fast_ms=2.677 fallback_ms=148.736 speedup=55.559 max_abs_diff=1.5625e-2 mean_abs_diff=3.0517578e-5
metal_lora_linear_bench label=mlp_gate_or_up batch=8 input_dim=2560 output_dim=9216 rank=1 iters=2 fast_ms=2.997 fallback_ms=299.251 speedup=99.852 max_abs_diff=0e0 mean_abs_diff=0e0
metal_lora_linear_bench label=down_proj batch=8 input_dim=9216 output_dim=2560 rank=1 iters=2 fast_ms=3.868 fallback_ms=323.612 speedup=83.654 max_abs_diff=1.5625e-2 mean_abs_diff=1.5258789e-5
metal_lora_linear_bench label=mlp_gate_or_up batch=1 input_dim=2560 output_dim=9216 rank=2 iters=2 fast_ms=1.337 fallback_ms=3.591 speedup=2.685 max_abs_diff=0e0 mean_abs_diff=0e0
metal_lora_linear_bench label=down_proj batch=1 input_dim=9216 output_dim=2560 rank=2 iters=2 fast_ms=1.308 fallback_ms=2.983 speedup=2.281 max_abs_diff=1.5625e-2 mean_abs_diff=6.1035156e-5
metal_lora_linear_bench label=mlp_gate_or_up batch=2 input_dim=2560 output_dim=9216 rank=2 iters=2 fast_ms=1.397 fallback_ms=62.010 speedup=44.394 max_abs_diff=0e0 mean_abs_diff=0e0
metal_lora_linear_bench label=down_proj batch=2 input_dim=9216 output_dim=2560 rank=2 iters=2 fast_ms=1.579 fallback_ms=69.221 speedup=43.826 max_abs_diff=1.5625e-2 mean_abs_diff=3.0517578e-5
metal_lora_linear_bench label=mlp_gate_or_up batch=4 input_dim=2560 output_dim=9216 rank=2 iters=2 fast_ms=2.591 fallback_ms=134.724 speedup=51.995 max_abs_diff=0e0 mean_abs_diff=0e0
metal_lora_linear_bench label=down_proj batch=4 input_dim=9216 output_dim=2560 rank=2 iters=2 fast_ms=2.813 fallback_ms=148.774 speedup=52.892 max_abs_diff=1.5625e-2 mean_abs_diff=3.8146973e-5
metal_lora_linear_bench label=mlp_gate_or_up batch=8 input_dim=2560 output_dim=9216 rank=2 iters=2 fast_ms=3.262 fallback_ms=299.210 speedup=91.714 max_abs_diff=0e0 mean_abs_diff=0e0
metal_lora_linear_bench label=down_proj batch=8 input_dim=9216 output_dim=2560 rank=2 iters=2 fast_ms=3.899 fallback_ms=321.978 speedup=82.578 max_abs_diff=1.5625e-2 mean_abs_diff=1.9073486e-5
metal_lora_linear_bench label=mlp_gate_or_up batch=1 input_dim=2560 output_dim=9216 rank=4 iters=2 fast_ms=1.341 fallback_ms=4.288 speedup=3.199 max_abs_diff=0e0 mean_abs_diff=0e0
metal_lora_linear_bench label=down_proj batch=1 input_dim=9216 output_dim=2560 rank=4 iters=2 fast_ms=1.357 fallback_ms=4.938 speedup=3.640 max_abs_diff=1.5625e-2 mean_abs_diff=6.1035156e-5
metal_lora_linear_bench label=mlp_gate_or_up batch=2 input_dim=2560 output_dim=9216 rank=4 iters=2 fast_ms=1.433 fallback_ms=62.785 speedup=43.828 max_abs_diff=0e0 mean_abs_diff=0e0
metal_lora_linear_bench label=down_proj batch=2 input_dim=9216 output_dim=2560 rank=4 iters=2 fast_ms=1.587 fallback_ms=68.876 speedup=43.414 max_abs_diff=1.5625e-2 mean_abs_diff=3.0517578e-5
metal_lora_linear_bench label=mlp_gate_or_up batch=4 input_dim=2560 output_dim=9216 rank=4 iters=2 fast_ms=2.581 fallback_ms=136.896 speedup=53.041 max_abs_diff=0e0 mean_abs_diff=0e0
metal_lora_linear_bench label=down_proj batch=4 input_dim=9216 output_dim=2560 rank=4 iters=2 fast_ms=2.537 fallback_ms=149.306 speedup=58.852 max_abs_diff=1.5625e-2 mean_abs_diff=3.0517578e-5
metal_lora_linear_bench label=mlp_gate_or_up batch=8 input_dim=2560 output_dim=9216 rank=4 iters=2 fast_ms=3.045 fallback_ms=300.711 speedup=98.741 max_abs_diff=0e0 mean_abs_diff=0e0
metal_lora_linear_bench label=down_proj batch=8 input_dim=9216 output_dim=2560 rank=4 iters=2 fast_ms=4.586 fallback_ms=325.454 speedup=70.967 max_abs_diff=1.5625e-2 mean_abs_diff=1.5258789e-5
metal_lora_linear_bench label=mlp_gate_or_up batch=1 input_dim=2560 output_dim=9216 rank=8 iters=2 fast_ms=1.233 fallback_ms=2.760 speedup=2.238 max_abs_diff=0e0 mean_abs_diff=0e0
metal_lora_linear_bench label=down_proj batch=1 input_dim=9216 output_dim=2560 rank=8 iters=2 fast_ms=1.157 fallback_ms=3.219 speedup=2.782 max_abs_diff=0e0 mean_abs_diff=0e0
metal_lora_linear_bench label=mlp_gate_or_up batch=2 input_dim=2560 output_dim=9216 rank=8 iters=2 fast_ms=1.443 fallback_ms=61.465 speedup=42.589 max_abs_diff=0e0 mean_abs_diff=0e0
metal_lora_linear_bench label=down_proj batch=2 input_dim=9216 output_dim=2560 rank=8 iters=2 fast_ms=1.534 fallback_ms=69.297 speedup=45.176 max_abs_diff=0e0 mean_abs_diff=0e0
metal_lora_linear_bench label=mlp_gate_or_up batch=4 input_dim=2560 output_dim=9216 rank=8 iters=2 fast_ms=3.136 fallback_ms=139.442 speedup=44.472 max_abs_diff=0e0 mean_abs_diff=0e0
metal_lora_linear_bench label=down_proj batch=4 input_dim=9216 output_dim=2560 rank=8 iters=2 fast_ms=2.537 fallback_ms=149.949 speedup=59.111 max_abs_diff=3.125e-2 mean_abs_diff=4.5776367e-5
metal_lora_linear_bench label=mlp_gate_or_up batch=8 input_dim=2560 output_dim=9216 rank=8 iters=2 fast_ms=3.059 fallback_ms=301.649 speedup=98.626 max_abs_diff=0e0 mean_abs_diff=0e0
metal_lora_linear_bench label=down_proj batch=8 input_dim=9216 output_dim=2560 rank=8 iters=2 fast_ms=3.853 fallback_ms=326.061 speedup=84.626 max_abs_diff=3.125e-2 mean_abs_diff=2.2888184e-5
metal_lora_linear_bench label=mlp_gate_or_up batch=1 input_dim=2560 output_dim=9216 rank=16 iters=2 fast_ms=1.730 fallback_ms=4.134 speedup=2.390 max_abs_diff=0e0 mean_abs_diff=0e0
metal_lora_linear_bench label=down_proj batch=1 input_dim=9216 output_dim=2560 rank=16 iters=2 fast_ms=1.331 fallback_ms=3.553 speedup=2.669 max_abs_diff=1.5625e-2 mean_abs_diff=6.1035156e-5
metal_lora_linear_bench label=mlp_gate_or_up batch=2 input_dim=2560 output_dim=9216 rank=16 iters=2 fast_ms=2.131 fallback_ms=61.106 speedup=28.680 max_abs_diff=0e0 mean_abs_diff=0e0
metal_lora_linear_bench label=down_proj batch=2 input_dim=9216 output_dim=2560 rank=16 iters=2 fast_ms=1.557 fallback_ms=68.968 speedup=44.286 max_abs_diff=1.5625e-2 mean_abs_diff=3.0517578e-5
metal_lora_linear_bench label=mlp_gate_or_up batch=4 input_dim=2560 output_dim=9216 rank=16 iters=2 fast_ms=2.868 fallback_ms=137.005 speedup=47.772 max_abs_diff=0e0 mean_abs_diff=0e0
metal_lora_linear_bench label=down_proj batch=4 input_dim=9216 output_dim=2560 rank=16 iters=2 fast_ms=2.612 fallback_ms=151.919 speedup=58.166 max_abs_diff=1.5625e-2 mean_abs_diff=3.0517578e-5
metal_lora_linear_bench label=mlp_gate_or_up batch=8 input_dim=2560 output_dim=9216 rank=16 iters=2 fast_ms=3.182 fallback_ms=296.215 speedup=93.093 max_abs_diff=0e0 mean_abs_diff=0e0
metal_lora_linear_bench label=down_proj batch=8 input_dim=9216 output_dim=2560 rank=16 iters=2 fast_ms=3.268 fallback_ms=323.948 speedup=99.141 max_abs_diff=1.5625e-2 mean_abs_diff=1.5258789e-5
metal_lora_linear_bench label=mlp_gate_or_up batch=1 input_dim=2560 output_dim=9216 rank=32 iters=2 fast_ms=1.491 fallback_ms=3.503 speedup=2.349 max_abs_diff=0e0 mean_abs_diff=0e0
metal_lora_linear_bench label=down_proj batch=1 input_dim=9216 output_dim=2560 rank=32 iters=2 fast_ms=1.207 fallback_ms=4.378 speedup=3.626 max_abs_diff=1.5625e-2 mean_abs_diff=6.1035156e-5
metal_lora_linear_bench label=mlp_gate_or_up batch=2 input_dim=2560 output_dim=9216 rank=32 iters=2 fast_ms=1.493 fallback_ms=62.561 speedup=41.896 max_abs_diff=0e0 mean_abs_diff=0e0
metal_lora_linear_bench label=down_proj batch=2 input_dim=9216 output_dim=2560 rank=32 iters=2 fast_ms=1.571 fallback_ms=68.324 speedup=43.488 max_abs_diff=1.5625e-2 mean_abs_diff=3.0517578e-5
metal_lora_linear_bench label=mlp_gate_or_up batch=4 input_dim=2560 output_dim=9216 rank=32 iters=2 fast_ms=3.562 fallback_ms=139.031 speedup=39.029 max_abs_diff=0e0 mean_abs_diff=0e0
metal_lora_linear_bench label=down_proj batch=4 input_dim=9216 output_dim=2560 rank=32 iters=2 fast_ms=2.445 fallback_ms=150.322 speedup=61.475 max_abs_diff=1.5625e-2 mean_abs_diff=1.5258789e-5
metal_lora_linear_bench label=mlp_gate_or_up batch=8 input_dim=2560 output_dim=9216 rank=32 iters=2 fast_ms=3.752 fallback_ms=302.437 speedup=80.598 max_abs_diff=0e0 mean_abs_diff=0e0
metal_lora_linear_bench label=down_proj batch=8 input_dim=9216 output_dim=2560 rank=32 iters=2 fast_ms=3.549 fallback_ms=329.303 speedup=92.793 max_abs_diff=1.5625e-2 mean_abs_diff=7.6293945e-6
metal_lora_linear_bench label=mlp_gate_or_up batch=1 input_dim=2560 output_dim=9216 rank=64 iters=2 fast_ms=1.327 fallback_ms=3.528 speedup=2.659 max_abs_diff=0e0 mean_abs_diff=0e0
metal_lora_linear_bench label=down_proj batch=1 input_dim=9216 output_dim=2560 rank=64 iters=2 fast_ms=1.285 fallback_ms=3.715 speedup=2.892 max_abs_diff=3.125e-2 mean_abs_diff=1.2207031e-4
metal_lora_linear_bench label=mlp_gate_or_up batch=2 input_dim=2560 output_dim=9216 rank=64 iters=2 fast_ms=1.601 fallback_ms=63.421 speedup=39.606 max_abs_diff=0e0 mean_abs_diff=0e0
metal_lora_linear_bench label=down_proj batch=2 input_dim=9216 output_dim=2560 rank=64 iters=2 fast_ms=1.677 fallback_ms=70.779 speedup=42.206 max_abs_diff=3.125e-2 mean_abs_diff=6.1035156e-5
metal_lora_linear_bench label=mlp_gate_or_up batch=4 input_dim=2560 output_dim=9216 rank=64 iters=2 fast_ms=3.594 fallback_ms=139.061 speedup=38.689 max_abs_diff=0e0 mean_abs_diff=0e0
metal_lora_linear_bench label=down_proj batch=4 input_dim=9216 output_dim=2560 rank=64 iters=2 fast_ms=3.224 fallback_ms=153.748 speedup=47.686 max_abs_diff=3.125e-2 mean_abs_diff=4.5776367e-5
metal_lora_linear_bench label=mlp_gate_or_up batch=8 input_dim=2560 output_dim=9216 rank=64 iters=2 fast_ms=4.349 fallback_ms=303.187 speedup=69.713 max_abs_diff=0e0 mean_abs_diff=0e0
metal_lora_linear_bench label=down_proj batch=8 input_dim=9216 output_dim=2560 rank=64 iters=2 fast_ms=3.389 fallback_ms=331.505 speedup=97.805 max_abs_diff=3.125e-2 mean_abs_diff=2.2888184e-5
test forward::tests::bench_metal_linear_decode_lora_qwen35_synthetic ... ok

test result: ok. 1 passed; 0 failed; 0 ignored; 0 measured; 371 filtered out; finished in 51.92s

