warning: unused import: `Error`
  --> crates/kiln-tensor/src/cpu_allocator.rs:38:82
   |
38 |     allocator_frozen_error, Allocator, AllocatorMode, CpuStorage, DType, Device, Error, Result,
   |                                                                                  ^^^^^
   |
   = note: `#[warn(unused_imports)]` (part of `#[warn(unused)]`) on by default

warning: unused import: `DType`
  --> crates/kiln-tensor/src/ops/concat.rs:35:31
   |
35 | use crate::{bail, CpuStorage, DType, Error, Layout, Result, Storage, Tensor, TensorId};
   |                               ^^^^^

warning: unused import: `crate::DeviceOp3`
  --> crates/kiln-tensor/src/ops/layernorm.rs:22:5
   |
22 | use crate::DeviceOp3;
   |     ^^^^^^^^^^^^^^^^

warning: unused import: `DType`
  --> crates/kiln-tensor/src/ops/stack.rs:35:31
   |
35 | use crate::{bail, CpuStorage, DType, Error, Layout, Result, Storage, Tensor, TensorId};
   |                               ^^^^^

warning: unused import: `std::any::Any as _`
    --> crates/kiln-tensor/src/cuda_storage.rs:1002:9
     |
1002 |     use std::any::Any as _;
     |         ^^^^^^^^^^^^^^^^^^

warning: unused import: `std::any::Any as _`
    --> crates/kiln-tensor/src/cuda_storage.rs:1314:9
     |
1314 |     use std::any::Any as _;
     |         ^^^^^^^^^^^^^^^^^^

warning: unused import: `std::any::Any as _`
    --> crates/kiln-tensor/src/cuda_storage.rs:1463:9
     |
1463 |     use std::any::Any as _;
     |         ^^^^^^^^^^^^^^^^^^

warning: unused import: `std::any::Any as _`
    --> crates/kiln-tensor/src/cuda_storage.rs:1615:9
     |
1615 |     use std::any::Any as _;
     |         ^^^^^^^^^^^^^^^^^^

warning: unused import: `std::any::Any as _`
    --> crates/kiln-tensor/src/cuda_storage.rs:1994:9
     |
1994 |     use std::any::Any as _;
     |         ^^^^^^^^^^^^^^^^^^

warning: unused import: `std::any::Any as _`
    --> crates/kiln-tensor/src/cuda_storage.rs:2093:9
     |
2093 |     use std::any::Any as _;
     |         ^^^^^^^^^^^^^^^^^^

warning: unused import: `std::any::Any as _`
    --> crates/kiln-tensor/src/cuda_storage.rs:2228:9
     |
2228 |     use std::any::Any as _;
     |         ^^^^^^^^^^^^^^^^^^

warning: unused import: `std::any::Any as _`
    --> crates/kiln-tensor/src/cuda_storage.rs:5096:9
     |
5096 |     use std::any::Any as _;
     |         ^^^^^^^^^^^^^^^^^^

warning: unused import: `std::any::Any as _`
    --> crates/kiln-tensor/src/cuda_storage.rs:5273:9
     |
5273 |     use std::any::Any as _;
     |         ^^^^^^^^^^^^^^^^^^

warning: unused import: `std::any::Any as _`
    --> crates/kiln-tensor/src/cuda_storage.rs:5625:9
     |
5625 |     use std::any::Any as _;
     |         ^^^^^^^^^^^^^^^^^^

warning: unused import: `std::any::Any as _`
    --> crates/kiln-tensor/src/cuda_storage.rs:5736:9
     |
5736 |     use std::any::Any as _;
     |         ^^^^^^^^^^^^^^^^^^

warning: unused import: `std::any::Any as _`
    --> crates/kiln-tensor/src/cuda_storage.rs:5837:9
     |
5837 |     use std::any::Any as _;
     |         ^^^^^^^^^^^^^^^^^^

warning: unused import: `std::any::Any as _`
    --> crates/kiln-tensor/src/cuda_storage.rs:5960:9
     |
5960 |     use std::any::Any as _;
     |         ^^^^^^^^^^^^^^^^^^

warning: unused import: `std::any::Any as _`
    --> crates/kiln-tensor/src/cuda_storage.rs:6094:9
     |
6094 |     use std::any::Any as _;
     |         ^^^^^^^^^^^^^^^^^^

warning: unused import: `std::any::Any as _`
    --> crates/kiln-tensor/src/cuda_storage.rs:6187:9
     |
6187 |     use std::any::Any as _;
     |         ^^^^^^^^^^^^^^^^^^

warning: unused import: `StorageBackend`
  --> crates/kiln-tensor/src/tensor.rs:39:5
   |
39 |     StorageBackend, TensorId,
   |     ^^^^^^^^^^^^^^

warning: unused variable: `per`
   --> crates/kiln-tensor/src/ops/gumbel_sample.rs:136:13
    |
136 |         let per = dtype.size_in_bytes();
    |             ^^^ help: if this is intentional, prefix it with an underscore: `_per`
    |
    = note: `#[warn(unused_variables)]` (part of `#[warn(unused)]`) on by default

warning: unused variable: `rank`
   --> crates/kiln-tensor/src/ops/reduce.rs:376:9
    |
376 |     let rank = shape.len();
    |         ^^^^ help: if this is intentional, prefix it with an underscore: `_rank`

warning: unused variable: `name`
  --> crates/kiln-tensor/src/ops/triangular.rs:92:53
   |
92 | fn apply_triangle_cpu(t: &Tensor, keep_upper: bool, name: &str) -> Result<Tensor> {
   |                                                     ^^^^ help: if this is intentional, prefix it with an underscore: `_name`

warning: `kiln-tensor` (lib) generated 23 warnings (run `cargo fix --lib -p kiln-tensor` to apply 22 suggestions)
    Finished `test` profile [unoptimized + debuginfo] target(s) in 0.11s
     Running tests/cuda_latency_bench.rs (target/debug/deps/cuda_latency_bench-2bc23028c6a97b58)

running 1 test

=== CUDA matmul microbench (cuda_matmul_into, BF16) ===
KILN_LATENCY_METRIC decode_qkv_m1_2560x4096_ms 0.067219 ms
decode_qkv_m1_2560x4096_ms 0.067 ms   decode QKV   M=1   2560x4096              312.0 GFLOP/s
KILN_LATENCY_METRIC prefill_qkv_m256_2560x4096_ms 0.080841 ms
prefill_qkv_m256_2560x4096_ms 0.081 ms   prefill QKV  M=256 2560x4096            66410.4 GFLOP/s
KILN_LATENCY_METRIC prefill_gate_up_m256_2560x18432_ms 0.196980 ms
prefill_gate_up_m256_2560x18432_ms 0.197 ms   prefill gate||up M=256 2560x18432      122648.0 GFLOP/s
KILN_LATENCY_METRIC lm_head_m1_2560x152064_ms 0.903662 ms
lm_head_m1_2560x152064_ms 0.904 ms   lm_head      M=1   2560x152064            861.6 GFLOP/s
test bench_cuda_matmul_qwen_shapes ... ok

test result: ok. 1 passed; 0 failed; 0 ignored; 0 measured; 0 filtered out; finished in 26.82s
