   Compiling syn v2.0.117
   Compiling kiln-tensor v0.2.19 (/Users/ericflo/Development/kiln/crates/kiln-tensor)
   Compiling zerocopy-derive v0.8.50
   Compiling serde_derive v1.0.228
   Compiling thiserror-impl v2.0.18
   Compiling tracing-attributes v0.1.31
   Compiling tracing v0.1.44
   Compiling thiserror v2.0.18
   Compiling zerocopy v0.8.50
   Compiling kiln-memory v0.2.19 (/Users/ericflo/Development/kiln/crates/kiln-memory)
   Compiling serde v1.0.228
   Compiling safetensors v0.7.0
   Compiling half v2.7.1
warning: unused import: `Error`
  --> crates/kiln-tensor/src/cpu_allocator.rs:38:82
   |
38 |     allocator_frozen_error, Allocator, AllocatorMode, CpuStorage, DType, Device, Error, Result,
   |                                                                                  ^^^^^
   |
   = note: `#[warn(unused_imports)]` (part of `#[warn(unused)]`) on by default

warning: unused import: `DType`
  --> crates/kiln-tensor/src/ops/concat.rs:35:31
   |
35 | use crate::{bail, CpuStorage, DType, Error, Layout, Result, Storage, Tensor, TensorId};
   |                               ^^^^^

warning: unused import: `DType`
  --> crates/kiln-tensor/src/ops/stack.rs:35:31
   |
35 | use crate::{bail, CpuStorage, DType, Error, Layout, Result, Storage, Tensor, TensorId};
   |                               ^^^^^

warning: unused import: `StorageBackend`
  --> crates/kiln-tensor/src/tensor.rs:39:5
   |
39 |     StorageBackend, TensorId,
   |     ^^^^^^^^^^^^^^

warning: unused variable: `per`
   --> crates/kiln-tensor/src/ops/gumbel_sample.rs:136:13
    |
136 |         let per = dtype.size_in_bytes();
    |             ^^^ help: if this is intentional, prefix it with an underscore: `_per`
    |
    = note: `#[warn(unused_variables)]` (part of `#[warn(unused)]`) on by default

warning: unused variable: `rank`
   --> crates/kiln-tensor/src/ops/reduce.rs:376:9
    |
376 |     let rank = shape.len();
    |         ^^^^ help: if this is intentional, prefix it with an underscore: `_rank`

warning: unused variable: `name`
  --> crates/kiln-tensor/src/ops/triangular.rs:92:53
   |
92 | fn apply_triangle_cpu(t: &Tensor, keep_upper: bool, name: &str) -> Result<Tensor> {
   |                                                     ^^^^ help: if this is intentional, prefix it with an underscore: `_name`

warning: method `cuda_tag` is never used
  --> crates/kiln-tensor/src/ops/scalar.rs:55:8
   |
36 | impl ScalarKind {
   | --------------- method in this implementation
...
55 |     fn cuda_tag(self) -> i32 {
   |        ^^^^^^^^
   |
   = note: `#[warn(dead_code)]` (part of `#[warn(unused)]`) on by default

   Compiling kiln-autograd v0.2.19 (/Users/ericflo/Development/kiln/crates/kiln-autograd)
warning: `kiln-tensor` (lib) generated 8 warnings (run `cargo fix --lib -p kiln-tensor` to apply 6 suggestions)
    Finished `test` profile [unoptimized + debuginfo] target(s) in 8.52s
     Running tests/metal_sdpa_bench.rs (target/debug/deps/metal_sdpa_bench-9e031d376aaba121)

running 1 test

=== Metal SDPA microbench (metal_sdpa_last_axis, BF16, Hq=32 Hkv=8 D=128) ===
KILN_LATENCY_METRIC decode_sq1_sk128_ms 0.137355 ms
  decode  Sq=1   Sk=128        0.137 ms/iter
KILN_LATENCY_METRIC decode_sq1_sk512_ms 0.130770 ms
  decode  Sq=1   Sk=512        0.131 ms/iter
KILN_LATENCY_METRIC decode_sq1_sk2048_ms 0.395673 ms
  decode  Sq=1   Sk=2048       0.396 ms/iter
KILN_LATENCY_METRIC decode_sq1_sk4096_ms 0.561028 ms
  decode  Sq=1   Sk=4096       0.561 ms/iter
KILN_LATENCY_METRIC prefill_sq128_sk128_ms 0.450498 ms
  prefill Sq=128 Sk=128        0.450 ms/iter
KILN_LATENCY_METRIC prefill_sq512_sk512_ms 4.101798 ms
  prefill Sq=512 Sk=512        4.102 ms/iter
test bench_sdpa_qwen_shapes ... ok

test result: ok. 1 passed; 0 failed; 0 ignored; 0 measured; 0 filtered out; finished in 0.65s
