warning: unused import: `Error`
  --> crates/kiln-tensor/src/cpu_allocator.rs:38:82
   |
38 |     allocator_frozen_error, Allocator, AllocatorMode, CpuStorage, DType, Device, Error, Result,
   |                                                                                  ^^^^^
   |
   = note: `#[warn(unused_imports)]` (part of `#[warn(unused)]`) on by default

warning: unused import: `DType`
  --> crates/kiln-tensor/src/ops/concat.rs:35:31
   |
35 | use crate::{bail, CpuStorage, DType, Error, Layout, Result, Storage, Tensor, TensorId};
   |                               ^^^^^

warning: unused import: `DType`
  --> crates/kiln-tensor/src/ops/stack.rs:35:31
   |
35 | use crate::{bail, CpuStorage, DType, Error, Layout, Result, Storage, Tensor, TensorId};
   |                               ^^^^^

warning: unused import: `StorageBackend`
  --> crates/kiln-tensor/src/tensor.rs:39:5
   |
39 |     StorageBackend, TensorId,
   |     ^^^^^^^^^^^^^^

warning: unused variable: `per`
   --> crates/kiln-tensor/src/ops/gumbel_sample.rs:136:13
    |
136 |         let per = dtype.size_in_bytes();
    |             ^^^ help: if this is intentional, prefix it with an underscore: `_per`
    |
    = note: `#[warn(unused_variables)]` (part of `#[warn(unused)]`) on by default

warning: unused variable: `rank`
   --> crates/kiln-tensor/src/ops/reduce.rs:376:9
    |
376 |     let rank = shape.len();
    |         ^^^^ help: if this is intentional, prefix it with an underscore: `_rank`

warning: unused variable: `name`
  --> crates/kiln-tensor/src/ops/triangular.rs:92:53
   |
92 | fn apply_triangle_cpu(t: &Tensor, keep_upper: bool, name: &str) -> Result<Tensor> {
   |                                                     ^^^^ help: if this is intentional, prefix it with an underscore: `_name`

warning: method `cuda_tag` is never used
  --> crates/kiln-tensor/src/ops/scalar.rs:55:8
   |
36 | impl ScalarKind {
   | --------------- method in this implementation
...
55 |     fn cuda_tag(self) -> i32 {
   |        ^^^^^^^^
   |
   = note: `#[warn(dead_code)]` (part of `#[warn(unused)]`) on by default

warning: `kiln-tensor` (lib) generated 8 warnings (run `cargo fix --lib -p kiln-tensor` to apply 6 suggestions)
   Compiling kiln-tensor v0.2.19 (/Users/ericflo/Development/kiln/crates/kiln-tensor)
    Finished `test` profile [unoptimized + debuginfo] target(s) in 0.31s
     Running tests/metal_matmul_bench.rs (target/debug/deps/metal_matmul_bench-a4509b9768a45c54)

running 1 test

=== Metal matmul microbench (ops::matmul, BF16) ===
KILN_LATENCY_METRIC decode_qkv_m1_2560x4096_ms 1.288102 ms
decode QKV   M=1   2560x4096               1.288 ms       16.3 GFLOP/s
KILN_LATENCY_METRIC prefill_qkv_m256_2560x4096_ms 3.894750 ms
prefill QKV  M=256 2560x4096               3.895 ms     1378.4 GFLOP/s
KILN_LATENCY_METRIC prefill_gate_up_m256_2560x18432_ms 17.422623 ms
prefill gate||up M=256 2560x18432         17.423 ms     1386.7 GFLOP/s
KILN_LATENCY_METRIC prefill_qkv_m512_2560x4096_ms 7.298065 ms
prefill QKV  M=512 2560x4096               7.298 ms     1471.3 GFLOP/s
KILN_LATENCY_METRIC lm_head_m1_2560x152064_ms 38.908296 ms
lm_head      M=1   2560x152064            38.908 ms       20.0 GFLOP/s
test bench_matmul_qwen_shapes ... ok

test result: ok. 1 passed; 0 failed; 0 ignored; 0 measured; 0 filtered out; finished in 11.91s
