warning: unused import: `Error`
  --> crates/kiln-tensor/src/cpu_allocator.rs:38:82
   |
38 |     allocator_frozen_error, Allocator, AllocatorMode, CpuStorage, DType, Device, Error, Result,
   |                                                                                  ^^^^^
   |
   = note: `#[warn(unused_imports)]` (part of `#[warn(unused)]`) on by default

warning: unused import: `DType`
  --> crates/kiln-tensor/src/ops/concat.rs:35:31
   |
35 | use crate::{bail, CpuStorage, DType, Error, Layout, Result, Storage, Tensor, TensorId};
   |                               ^^^^^

warning: unused import: `crate::DeviceOp3`
  --> crates/kiln-tensor/src/ops/layernorm.rs:22:5
   |
22 | use crate::DeviceOp3;
   |     ^^^^^^^^^^^^^^^^

warning: unused import: `DType`
  --> crates/kiln-tensor/src/ops/stack.rs:35:31
   |
35 | use crate::{bail, CpuStorage, DType, Error, Layout, Result, Storage, Tensor, TensorId};
   |                               ^^^^^

warning: unused import: `StorageBackend`
  --> crates/kiln-tensor/src/tensor.rs:39:5
   |
39 |     StorageBackend, TensorId,
   |     ^^^^^^^^^^^^^^

warning: unused import: `StorageBackend`
 --> crates/kiln-tensor/src/rocm_ops/lerp.rs:4:64
  |
4 | use crate::{DType, Device, Error, Layout, Result, RocmStorage, StorageBackend, Tensor, TensorId};
  |                                                                ^^^^^^^^^^^^^^

warning: unused import: `StorageBackend`
 --> crates/kiln-tensor/src/rocm_ops/is_finite_reduce.rs:2:56
  |
2 | use crate::{DType, Device, Error, Result, RocmStorage, StorageBackend, Tensor};
  |                                                        ^^^^^^^^^^^^^^

warning: unused import: `StorageBackend`
  --> crates/kiln-tensor/src/rocm_ops/fp8.rs:14:64
   |
14 | use crate::{DType, Device, Error, Layout, Result, RocmStorage, StorageBackend, Tensor, TensorId};
   |                                                                ^^^^^^^^^^^^^^

warning: unused import: `StorageBackend`
 --> crates/kiln-tensor/src/rocm_ops/elementwise.rs:4:64
  |
4 | use crate::{DType, Device, Error, Layout, Result, RocmStorage, StorageBackend, Tensor, TensorId};
  |                                                                ^^^^^^^^^^^^^^

warning: unused import: `StorageBackend`
 --> crates/kiln-tensor/src/rocm_ops/diag.rs:4:64
  |
4 | use crate::{DType, Device, Error, Layout, Result, RocmStorage, StorageBackend, Tensor, TensorId};
  |                                                                ^^^^^^^^^^^^^^

warning: unused import: `StorageBackend`
 --> crates/kiln-tensor/src/rocm_ops/concat.rs:4:57
  |
4 | use crate::{Device, Error, Layout, Result, RocmStorage, StorageBackend, Tensor, TensorId};
  |                                                         ^^^^^^^^^^^^^^

warning: unused import: `StorageBackend`
 --> crates/kiln-tensor/src/rocm_ops/compare.rs:4:64
  |
4 | use crate::{DType, Device, Error, Layout, Result, RocmStorage, StorageBackend, Tensor, TensorId};
  |                                                                ^^^^^^^^^^^^^^

warning: unused import: `StorageBackend`
 --> crates/kiln-tensor/src/rocm_ops/cast.rs:4:64
  |
4 | use crate::{DType, Device, Error, Layout, Result, RocmStorage, StorageBackend, Tensor, TensorId};
  |                                                                ^^^^^^^^^^^^^^

warning: unused import: `StorageBackend`
 --> crates/kiln-tensor/src/rocm_ops/binary_minmax.rs:4:64
  |
4 | use crate::{DType, Device, Error, Layout, Result, RocmStorage, StorageBackend, Tensor, TensorId};
  |                                                                ^^^^^^^^^^^^^^

warning: unused variable: `per`
   --> crates/kiln-tensor/src/ops/gumbel_sample.rs:136:13
    |
136 |         let per = dtype.size_in_bytes();
    |             ^^^ help: if this is intentional, prefix it with an underscore: `_per`
    |
    = note: `#[warn(unused_variables)]` (part of `#[warn(unused)]`) on by default

warning: unused variable: `rank`
   --> crates/kiln-tensor/src/ops/reduce.rs:376:9
    |
376 |     let rank = shape.len();
    |         ^^^^ help: if this is intentional, prefix it with an underscore: `_rank`

warning: unused variable: `name`
  --> crates/kiln-tensor/src/ops/triangular.rs:92:53
   |
92 | fn apply_triangle_cpu(t: &Tensor, keep_upper: bool, name: &str) -> Result<Tensor> {
   |                                                     ^^^^ help: if this is intentional, prefix it with an underscore: `_name`

warning: method `slice_owner` is never used
   --> crates/kiln-tensor/src/rocm_storage.rs:343:19
    |
162 | impl RocmStorage {
    | ---------------- method in this implementation
...
343 |     pub(crate) fn slice_owner(&self) -> &SliceOwner {
    |                   ^^^^^^^^^^^
    |
    = note: `#[warn(dead_code)]` (part of `#[warn(unused)]`) on by default

warning: `kiln-tensor` (lib) generated 18 warnings (run `cargo fix --lib -p kiln-tensor` to apply 7 suggestions)
   Compiling kiln-tensor v0.2.19 (/home/ericflo/Development/kiln-unify/crates/kiln-tensor)
    Finished `test` profile [unoptimized + debuginfo] target(s) in 0.23s
     Running tests/rocm_latency_bench.rs (target/debug/deps/rocm_latency_bench-58a6c28998daa35b)

running 1 test

=== ROCm matmul microbench (rocm_matmul_into, BF16) ===
KILN_LATENCY_METRIC decode_qkv_m1_2560x4096_ms 0.079427 ms
decode_qkv_m1_2560x4096_ms 0.079 ms   decode QKV   M=1   2560x4096              264.0 GFLOP/s
KILN_LATENCY_METRIC prefill_qkv_m256_2560x4096_ms 0.172701 ms
prefill_qkv_m256_2560x4096_ms 0.173 ms   prefill QKV  M=256 2560x4096            31086.8 GFLOP/s
KILN_LATENCY_METRIC prefill_gate_up_m256_2560x18432_ms 0.913267 ms
prefill_gate_up_m256_2560x18432_ms 0.913 ms   prefill gate||up M=256 2560x18432       26453.6 GFLOP/s
KILN_LATENCY_METRIC lm_head_m1_2560x152064_ms 3.435642 ms
lm_head_m1_2560x152064_ms 3.436 ms   lm_head      M=1   2560x152064            226.6 GFLOP/s
test bench_rocm_matmul_qwen_shapes ... ok

test result: ok. 1 passed; 0 failed; 0 ignored; 0 measured; 0 filtered out; finished in 17.01s
